<?xml version="1.0" encoding="ISO-8859-1" ?>
<link_info>
   <banner>TI ARM Linker Unix v18.1.1.LTS</banner>
   <copyright>Copyright (c) 1996-2017 Texas Instruments Incorporated</copyright>
   <link_time>0x5eff741b</link_time>
   <link_errors>0x0</link_errors>
   <output_file>Microwave.out</output_file>
   <entry_point>
      <name>_c_int00</name>
      <address>0x10af1</address>
   </entry_point>
   <input_file_list>
      <input_file id="fl-2">
         <path>./</path>
         <kind>object</kind>
         <file>Button.obj</file>
         <name>Button.obj</name>
      </input_file>
      <input_file id="fl-3">
         <path>./</path>
         <kind>object</kind>
         <file>Buzzer.obj</file>
         <name>Buzzer.obj</name>
      </input_file>
      <input_file id="fl-4">
         <path>./</path>
         <kind>object</kind>
         <file>Debug.obj</file>
         <name>Debug.obj</name>
      </input_file>
      <input_file id="fl-5">
         <path>./</path>
         <kind>object</kind>
         <file>Heater.obj</file>
         <name>Heater.obj</name>
      </input_file>
      <input_file id="fl-6">
         <path>./</path>
         <kind>object</kind>
         <file>SSD.obj</file>
         <name>SSD.obj</name>
      </input_file>
      <input_file id="fl-7">
         <path>./</path>
         <kind>object</kind>
         <file>Sound.obj</file>
         <name>Sound.obj</name>
      </input_file>
      <input_file id="fl-8">
         <path>./</path>
         <kind>object</kind>
         <file>main.obj</file>
         <name>main.obj</name>
      </input_file>
      <input_file id="fl-9">
         <path>./</path>
         <kind>object</kind>
         <file>tm4c123gh6pm_startup_ccs.obj</file>
         <name>tm4c123gh6pm_startup_ccs.obj</name>
      </input_file>
      <input_file id="fl-a">
         <path>./</path>
         <kind>object</kind>
         <file>uWave.obj</file>
         <name>uWave.obj</name>
      </input_file>
      <input_file id="fl-b">
         <path>./OS/</path>
         <kind>object</kind>
         <file>App.obj</file>
         <name>App.obj</name>
      </input_file>
      <input_file id="fl-c">
         <path>./OS/</path>
         <kind>object</kind>
         <file>croutine.obj</file>
         <name>croutine.obj</name>
      </input_file>
      <input_file id="fl-d">
         <path>./OS/</path>
         <kind>object</kind>
         <file>event_groups.obj</file>
         <name>event_groups.obj</name>
      </input_file>
      <input_file id="fl-e">
         <path>./OS/</path>
         <kind>object</kind>
         <file>heap_1.obj</file>
         <name>heap_1.obj</name>
      </input_file>
      <input_file id="fl-f">
         <path>./OS/</path>
         <kind>object</kind>
         <file>list.obj</file>
         <name>list.obj</name>
      </input_file>
      <input_file id="fl-10">
         <path>./OS/</path>
         <kind>object</kind>
         <file>port.obj</file>
         <name>port.obj</name>
      </input_file>
      <input_file id="fl-11">
         <path>./OS/</path>
         <kind>object</kind>
         <file>portasm.obj</file>
         <name>portasm.obj</name>
      </input_file>
      <input_file id="fl-12">
         <path>./OS/</path>
         <kind>object</kind>
         <file>queue.obj</file>
         <name>queue.obj</name>
      </input_file>
      <input_file id="fl-13">
         <path>./OS/</path>
         <kind>object</kind>
         <file>stream_buffer.obj</file>
         <name>stream_buffer.obj</name>
      </input_file>
      <input_file id="fl-14">
         <path>./OS/</path>
         <kind>object</kind>
         <file>tasks.obj</file>
         <name>tasks.obj</name>
      </input_file>
      <input_file id="fl-15">
         <path>./OS/</path>
         <kind>object</kind>
         <file>timers.obj</file>
         <name>timers.obj</name>
      </input_file>
      <input_file id="fl-16">
         <path>./driverlib/</path>
         <kind>object</kind>
         <file>adc.obj</file>
         <name>adc.obj</name>
      </input_file>
      <input_file id="fl-17">
         <path>./driverlib/</path>
         <kind>object</kind>
         <file>aes.obj</file>
         <name>aes.obj</name>
      </input_file>
      <input_file id="fl-18">
         <path>./driverlib/</path>
         <kind>object</kind>
         <file>can.obj</file>
         <name>can.obj</name>
      </input_file>
      <input_file id="fl-19">
         <path>./driverlib/</path>
         <kind>object</kind>
         <file>comp.obj</file>
         <name>comp.obj</name>
      </input_file>
      <input_file id="fl-1a">
         <path>./driverlib/</path>
         <kind>object</kind>
         <file>cpu.obj</file>
         <name>cpu.obj</name>
      </input_file>
      <input_file id="fl-1b">
         <path>./driverlib/</path>
         <kind>object</kind>
         <file>crc.obj</file>
         <name>crc.obj</name>
      </input_file>
      <input_file id="fl-1c">
         <path>./driverlib/</path>
         <kind>object</kind>
         <file>des.obj</file>
         <name>des.obj</name>
      </input_file>
      <input_file id="fl-1d">
         <path>./driverlib/</path>
         <kind>object</kind>
         <file>eeprom.obj</file>
         <name>eeprom.obj</name>
      </input_file>
      <input_file id="fl-1e">
         <path>./driverlib/</path>
         <kind>object</kind>
         <file>emac.obj</file>
         <name>emac.obj</name>
      </input_file>
      <input_file id="fl-1f">
         <path>./driverlib/</path>
         <kind>object</kind>
         <file>epi.obj</file>
         <name>epi.obj</name>
      </input_file>
      <input_file id="fl-20">
         <path>./driverlib/</path>
         <kind>object</kind>
         <file>epi_workaround_ccs.obj</file>
         <name>epi_workaround_ccs.obj</name>
      </input_file>
      <input_file id="fl-21">
         <path>./driverlib/</path>
         <kind>object</kind>
         <file>flash.obj</file>
         <name>flash.obj</name>
      </input_file>
      <input_file id="fl-22">
         <path>./driverlib/</path>
         <kind>object</kind>
         <file>fpu.obj</file>
         <name>fpu.obj</name>
      </input_file>
      <input_file id="fl-23">
         <path>./driverlib/</path>
         <kind>object</kind>
         <file>gpio.obj</file>
         <name>gpio.obj</name>
      </input_file>
      <input_file id="fl-24">
         <path>./driverlib/</path>
         <kind>object</kind>
         <file>hibernate.obj</file>
         <name>hibernate.obj</name>
      </input_file>
      <input_file id="fl-25">
         <path>./driverlib/</path>
         <kind>object</kind>
         <file>i2c.obj</file>
         <name>i2c.obj</name>
      </input_file>
      <input_file id="fl-26">
         <path>./driverlib/</path>
         <kind>object</kind>
         <file>interrupt.obj</file>
         <name>interrupt.obj</name>
      </input_file>
      <input_file id="fl-27">
         <path>./driverlib/</path>
         <kind>object</kind>
         <file>lcd.obj</file>
         <name>lcd.obj</name>
      </input_file>
      <input_file id="fl-28">
         <path>./driverlib/</path>
         <kind>object</kind>
         <file>mpu.obj</file>
         <name>mpu.obj</name>
      </input_file>
      <input_file id="fl-29">
         <path>./driverlib/</path>
         <kind>object</kind>
         <file>onewire.obj</file>
         <name>onewire.obj</name>
      </input_file>
      <input_file id="fl-2a">
         <path>./driverlib/</path>
         <kind>object</kind>
         <file>pwm.obj</file>
         <name>pwm.obj</name>
      </input_file>
      <input_file id="fl-2b">
         <path>./driverlib/</path>
         <kind>object</kind>
         <file>qei.obj</file>
         <name>qei.obj</name>
      </input_file>
      <input_file id="fl-2c">
         <path>./driverlib/</path>
         <kind>object</kind>
         <file>shamd5.obj</file>
         <name>shamd5.obj</name>
      </input_file>
      <input_file id="fl-2d">
         <path>./driverlib/</path>
         <kind>object</kind>
         <file>ssi.obj</file>
         <name>ssi.obj</name>
      </input_file>
      <input_file id="fl-2e">
         <path>./driverlib/</path>
         <kind>object</kind>
         <file>sw_crc.obj</file>
         <name>sw_crc.obj</name>
      </input_file>
      <input_file id="fl-2f">
         <path>./driverlib/</path>
         <kind>object</kind>
         <file>sysctl.obj</file>
         <name>sysctl.obj</name>
      </input_file>
      <input_file id="fl-30">
         <path>./driverlib/</path>
         <kind>object</kind>
         <file>sysexc.obj</file>
         <name>sysexc.obj</name>
      </input_file>
      <input_file id="fl-31">
         <path>./driverlib/</path>
         <kind>object</kind>
         <file>systick.obj</file>
         <name>systick.obj</name>
      </input_file>
      <input_file id="fl-32">
         <path>./driverlib/</path>
         <kind>object</kind>
         <file>timer.obj</file>
         <name>timer.obj</name>
      </input_file>
      <input_file id="fl-33">
         <path>./driverlib/</path>
         <kind>object</kind>
         <file>uart.obj</file>
         <name>uart.obj</name>
      </input_file>
      <input_file id="fl-34">
         <path>./driverlib/</path>
         <kind>object</kind>
         <file>udma.obj</file>
         <name>udma.obj</name>
      </input_file>
      <input_file id="fl-35">
         <path>./driverlib/</path>
         <kind>object</kind>
         <file>usb.obj</file>
         <name>usb.obj</name>
      </input_file>
      <input_file id="fl-36">
         <path>./driverlib/</path>
         <kind>object</kind>
         <file>watchdog.obj</file>
         <name>watchdog.obj</name>
      </input_file>
      <input_file id="fl-3e">
         <kind>object</kind>
         <file>&lt;internal&gt;</file>
         <name>&lt;internal&gt;</name>
      </input_file>
      <input_file id="fl-f4">
         <path>/home/pola/ti/ccsv8/tools/compiler/ti-cgt-arm_18.1.1.LTS/lib/</path>
         <kind>archive</kind>
         <file>rtsv7M4_T_le_v4SPD16_eabi.lib</file>
         <name>memcpy_t2.asm.obj</name>
      </input_file>
      <input_file id="fl-f5">
         <path>/home/pola/ti/ccsv8/tools/compiler/ti-cgt-arm_18.1.1.LTS/lib/</path>
         <kind>archive</kind>
         <file>rtsv7M4_T_le_v4SPD16_eabi.lib</file>
         <name>memset_t2.asm.obj</name>
      </input_file>
      <input_file id="fl-f6">
         <path>/home/pola/ti/ccsv8/tools/compiler/ti-cgt-arm_18.1.1.LTS/lib/</path>
         <kind>archive</kind>
         <file>rtsv7M4_T_le_v4SPD16_eabi.lib</file>
         <name>boot_cortex_m.c.obj</name>
      </input_file>
      <input_file id="fl-f7">
         <path>/home/pola/ti/ccsv8/tools/compiler/ti-cgt-arm_18.1.1.LTS/lib/</path>
         <kind>archive</kind>
         <file>rtsv7M4_T_le_v4SPD16_eabi.lib</file>
         <name>exit.c.obj</name>
      </input_file>
      <input_file id="fl-f8">
         <path>/home/pola/ti/ccsv8/tools/compiler/ti-cgt-arm_18.1.1.LTS/lib/</path>
         <kind>archive</kind>
         <file>rtsv7M4_T_le_v4SPD16_eabi.lib</file>
         <name>_lock.c.obj</name>
      </input_file>
      <input_file id="fl-f9">
         <path>/home/pola/ti/ccsv8/tools/compiler/ti-cgt-arm_18.1.1.LTS/lib/</path>
         <kind>archive</kind>
         <file>rtsv7M4_T_le_v4SPD16_eabi.lib</file>
         <name>args_main.c.obj</name>
      </input_file>
      <input_file id="fl-fa">
         <path>/home/pola/ti/ccsv8/tools/compiler/ti-cgt-arm_18.1.1.LTS/lib/</path>
         <kind>archive</kind>
         <file>rtsv7M4_T_le_v4SPD16_eabi.lib</file>
         <name>autoinit.c.obj</name>
      </input_file>
      <input_file id="fl-fb">
         <path>/home/pola/ti/ccsv8/tools/compiler/ti-cgt-arm_18.1.1.LTS/lib/</path>
         <kind>archive</kind>
         <file>rtsv7M4_T_le_v4SPD16_eabi.lib</file>
         <name>pre_init.c.obj</name>
      </input_file>
      <input_file id="fl-fc">
         <path>/home/pola/ti/ccsv8/tools/compiler/ti-cgt-arm_18.1.1.LTS/lib/</path>
         <kind>archive</kind>
         <file>rtsv7M4_T_le_v4SPD16_eabi.lib</file>
         <name>cpy_tbl.c.obj</name>
      </input_file>
   </input_file_list>
   <object_component_list>
      <object_component id="oc-77">
         <name>.intvecs</name>
         <load_address>0x0</load_address>
         <run_address>0x0</run_address>
         <size>0x26c</size>
         <input_file_ref idref="fl-9"/>
      </object_component>
      <object_component id="oc-a5">
         <name>.text</name>
         <load_address>0x26c</load_address>
         <run_address>0x26c</run_address>
         <size>0x0</size>
         <input_file_ref idref="fl-c"/>
      </object_component>
      <object_component id="oc-db">
         <name>.text</name>
         <load_address>0x26c</load_address>
         <run_address>0x26c</run_address>
         <size>0x1970</size>
         <input_file_ref idref="fl-14"/>
      </object_component>
      <object_component id="oc-14f">
         <name>.text</name>
         <load_address>0x26c</load_address>
         <run_address>0x26c</run_address>
         <size>0x0</size>
         <input_file_ref idref="fl-20"/>
      </object_component>
      <object_component id="oc-24e">
         <name>.text</name>
         <load_address>0x26c</load_address>
         <run_address>0x26c</run_address>
         <size>0x0</size>
         <input_file_ref idref="fl-f6"/>
      </object_component>
      <object_component id="oc-252">
         <name>.text</name>
         <load_address>0x26c</load_address>
         <run_address>0x26c</run_address>
         <size>0x0</size>
         <input_file_ref idref="fl-f7"/>
      </object_component>
      <object_component id="oc-25c">
         <name>.text</name>
         <load_address>0x26c</load_address>
         <run_address>0x26c</run_address>
         <size>0x0</size>
         <input_file_ref idref="fl-f8"/>
      </object_component>
      <object_component id="oc-272">
         <name>.text</name>
         <load_address>0x26c</load_address>
         <run_address>0x26c</run_address>
         <size>0x0</size>
         <input_file_ref idref="fl-f9"/>
      </object_component>
      <object_component id="oc-279">
         <name>.text</name>
         <load_address>0x26c</load_address>
         <run_address>0x26c</run_address>
         <size>0x0</size>
         <input_file_ref idref="fl-fa"/>
      </object_component>
      <object_component id="oc-280">
         <name>.text</name>
         <load_address>0x26c</load_address>
         <run_address>0x26c</run_address>
         <size>0x0</size>
         <input_file_ref idref="fl-fb"/>
      </object_component>
      <object_component id="oc-287">
         <name>.text</name>
         <load_address>0x26c</load_address>
         <run_address>0x26c</run_address>
         <size>0x0</size>
         <input_file_ref idref="fl-fc"/>
      </object_component>
      <object_component id="oc-238">
         <name>.text</name>
         <load_address>0x1bdc</load_address>
         <run_address>0x1bdc</run_address>
         <size>0x15b6</size>
         <input_file_ref idref="fl-35"/>
      </object_component>
      <object_component id="oc-26c">
         <name>.text:_nop</name>
         <load_address>0x3192</load_address>
         <run_address>0x3192</run_address>
         <size>0x2</size>
         <input_file_ref idref="fl-f8"/>
      </object_component>
      <object_component id="oc-cf">
         <name>.text</name>
         <load_address>0x3194</load_address>
         <run_address>0x3194</run_address>
         <size>0xfe0</size>
         <input_file_ref idref="fl-12"/>
      </object_component>
      <object_component id="oc-1fb">
         <name>.text</name>
         <load_address>0x4174</load_address>
         <run_address>0x4174</run_address>
         <size>0xf80</size>
         <input_file_ref idref="fl-2f"/>
      </object_component>
      <object_component id="oc-140">
         <name>.text</name>
         <load_address>0x50f4</load_address>
         <run_address>0x50f4</run_address>
         <size>0xed0</size>
         <input_file_ref idref="fl-1e"/>
      </object_component>
      <object_component id="oc-180">
         <name>.text</name>
         <load_address>0x5fc4</load_address>
         <run_address>0x5fc4</run_address>
         <size>0xc14</size>
         <input_file_ref idref="fl-23"/>
      </object_component>
      <object_component id="oc-d5">
         <name>.text</name>
         <load_address>0x6bd8</load_address>
         <run_address>0x6bd8</run_address>
         <size>0xb60</size>
         <input_file_ref idref="fl-13"/>
      </object_component>
      <object_component id="oc-119">
         <name>.text</name>
         <load_address>0x7738</load_address>
         <run_address>0x7738</run_address>
         <size>0xa28</size>
         <input_file_ref idref="fl-18"/>
      </object_component>
      <object_component id="oc-18f">
         <name>.text</name>
         <load_address>0x8160</load_address>
         <run_address>0x8160</run_address>
         <size>0x928</size>
         <input_file_ref idref="fl-24"/>
      </object_component>
      <object_component id="oc-10a">
         <name>.text</name>
         <load_address>0x8a88</load_address>
         <run_address>0x8a88</run_address>
         <size>0x840</size>
         <input_file_ref idref="fl-16"/>
      </object_component>
      <object_component id="oc-1ce">
         <name>.text</name>
         <load_address>0x92c8</load_address>
         <run_address>0x92c8</run_address>
         <size>0x718</size>
         <input_file_ref idref="fl-2a"/>
      </object_component>
      <object_component id="oc-f6">
         <name>.text</name>
         <load_address>0x99e0</load_address>
         <run_address>0x99e0</run_address>
         <size>0x710</size>
         <input_file_ref idref="fl-15"/>
      </object_component>
      <object_component id="oc-195">
         <name>.text</name>
         <load_address>0xa0f0</load_address>
         <run_address>0xa0f0</run_address>
         <size>0x6f8</size>
         <input_file_ref idref="fl-25"/>
      </object_component>
      <object_component id="oc-21a">
         <name>.text</name>
         <load_address>0xa7e8</load_address>
         <run_address>0xa7e8</run_address>
         <size>0x642</size>
         <input_file_ref idref="fl-32"/>
      </object_component>
      <object_component id="oc-226">
         <name>.text</name>
         <load_address>0xae2c</load_address>
         <run_address>0xae2c</run_address>
         <size>0x62e</size>
         <input_file_ref idref="fl-33"/>
      </object_component>
      <object_component id="oc-1ec">
         <name>.text</name>
         <load_address>0xb45c</load_address>
         <run_address>0xb45c</run_address>
         <size>0x5d8</size>
         <input_file_ref idref="fl-2e"/>
      </object_component>
      <object_component id="oc-1bc">
         <name>.text</name>
         <load_address>0xba34</load_address>
         <run_address>0xba34</run_address>
         <size>0x5ca</size>
         <input_file_ref idref="fl-27"/>
      </object_component>
      <object_component id="oc-149">
         <name>.text</name>
         <load_address>0xc000</load_address>
         <run_address>0xc000</run_address>
         <size>0x59c</size>
         <input_file_ref idref="fl-1f"/>
      </object_component>
      <object_component id="oc-113">
         <name>.text</name>
         <load_address>0xc59c</load_address>
         <run_address>0xc59c</run_address>
         <size>0x58c</size>
         <input_file_ref idref="fl-17"/>
      </object_component>
      <object_component id="oc-a6">
         <name>.text</name>
         <load_address>0xcb28</load_address>
         <run_address>0xcb28</run_address>
         <size>0x54a</size>
         <input_file_ref idref="fl-d"/>
      </object_component>
      <object_component id="oc-1da">
         <name>.text</name>
         <load_address>0xd074</load_address>
         <run_address>0xd074</run_address>
         <size>0x4f2</size>
         <input_file_ref idref="fl-2c"/>
      </object_component>
      <object_component id="oc-232">
         <name>.text</name>
         <load_address>0xd568</load_address>
         <run_address>0xd568</run_address>
         <size>0x4e0</size>
         <input_file_ref idref="fl-34"/>
      </object_component>
      <object_component id="oc-13a">
         <name>.text</name>
         <load_address>0xda48</load_address>
         <run_address>0xda48</run_address>
         <size>0x470</size>
         <input_file_ref idref="fl-1d"/>
      </object_component>
      <object_component id="oc-16e">
         <name>.text</name>
         <load_address>0xdeb8</load_address>
         <run_address>0xdeb8</run_address>
         <size>0x3f0</size>
         <input_file_ref idref="fl-21"/>
      </object_component>
      <object_component id="oc-1a1">
         <name>.text</name>
         <load_address>0xe2a8</load_address>
         <run_address>0xe2a8</run_address>
         <size>0x3c0</size>
         <input_file_ref idref="fl-26"/>
      </object_component>
      <object_component id="oc-1e0">
         <name>.text</name>
         <load_address>0xe668</load_address>
         <run_address>0xe668</run_address>
         <size>0x362</size>
         <input_file_ref idref="fl-2d"/>
      </object_component>
      <object_component id="oc-7a">
         <name>.text</name>
         <load_address>0xe9cc</load_address>
         <run_address>0xe9cc</run_address>
         <size>0x358</size>
         <input_file_ref idref="fl-a"/>
      </object_component>
      <object_component id="oc-134">
         <name>.text</name>
         <load_address>0xed24</load_address>
         <run_address>0xed24</run_address>
         <size>0x2e0</size>
         <input_file_ref idref="fl-1c"/>
      </object_component>
      <object_component id="oc-be">
         <name>.text</name>
         <load_address>0xf004</load_address>
         <run_address>0xf004</run_address>
         <size>0x2b0</size>
         <input_file_ref idref="fl-10"/>
      </object_component>
      <object_component id="oc-3f">
         <name>.text</name>
         <load_address>0xf2b4</load_address>
         <run_address>0xf2b4</run_address>
         <size>0x258</size>
         <input_file_ref idref="fl-6"/>
      </object_component>
      <object_component id="oc-16">
         <name>.text</name>
         <load_address>0xf50c</load_address>
         <run_address>0xf50c</run_address>
         <size>0x248</size>
         <input_file_ref idref="fl-2"/>
      </object_component>
      <object_component id="oc-1d4">
         <name>.text</name>
         <load_address>0xf754</load_address>
         <run_address>0xf754</run_address>
         <size>0x244</size>
         <input_file_ref idref="fl-2b"/>
      </object_component>
      <object_component id="oc-1c8">
         <name>.text</name>
         <load_address>0xf998</load_address>
         <run_address>0xf998</run_address>
         <size>0x230</size>
         <input_file_ref idref="fl-29"/>
      </object_component>
      <object_component id="oc-4f">
         <name>.text</name>
         <load_address>0xfbc8</load_address>
         <run_address>0xfbc8</run_address>
         <size>0x1c4</size>
         <input_file_ref idref="fl-7"/>
      </object_component>
      <object_component id="oc-23e">
         <name>.text</name>
         <load_address>0xfd8c</load_address>
         <run_address>0xfd8c</run_address>
         <size>0x188</size>
         <input_file_ref idref="fl-36"/>
      </object_component>
      <object_component id="oc-30">
         <name>.text</name>
         <load_address>0xff14</load_address>
         <run_address>0xff14</run_address>
         <size>0x17c</size>
         <input_file_ref idref="fl-4"/>
      </object_component>
      <object_component id="oc-36">
         <name>.text</name>
         <load_address>0x10090</load_address>
         <run_address>0x10090</run_address>
         <size>0x168</size>
         <input_file_ref idref="fl-5"/>
      </object_component>
      <object_component id="oc-122">
         <name>.text</name>
         <load_address>0x101f8</load_address>
         <run_address>0x101f8</run_address>
         <size>0x13a</size>
         <input_file_ref idref="fl-19"/>
      </object_component>
      <object_component id="oc-b8">
         <name>.text</name>
         <load_address>0x10332</load_address>
         <run_address>0x10332</run_address>
         <size>0x12a</size>
         <input_file_ref idref="fl-f"/>
      </object_component>
      <object_component id="oc-65">
         <name>.text</name>
         <load_address>0x1045c</load_address>
         <run_address>0x1045c</run_address>
         <size>0x114</size>
         <input_file_ref idref="fl-8"/>
      </object_component>
      <object_component id="oc-1c2">
         <name>.text</name>
         <load_address>0x10570</load_address>
         <run_address>0x10570</run_address>
         <size>0xec</size>
         <input_file_ref idref="fl-28"/>
      </object_component>
      <object_component id="oc-20e">
         <name>.text</name>
         <load_address>0x1065c</load_address>
         <run_address>0x1065c</run_address>
         <size>0xdc</size>
         <input_file_ref idref="fl-30"/>
      </object_component>
      <object_component id="oc-ca">
         <name>.text</name>
         <load_address>0x10738</load_address>
         <run_address>0x10738</run_address>
         <size>0xda</size>
         <input_file_ref idref="fl-11"/>
      </object_component>
      <object_component id="oc-12e">
         <name>.text</name>
         <load_address>0x10812</load_address>
         <run_address>0x10812</run_address>
         <size>0xd0</size>
         <input_file_ref idref="fl-1b"/>
      </object_component>
      <object_component id="oc-17a">
         <name>.text</name>
         <load_address>0x108e4</load_address>
         <run_address>0x108e4</run_address>
         <size>0xc0</size>
         <input_file_ref idref="fl-22"/>
      </object_component>
      <object_component id="oc-244">
         <name>.text</name>
         <load_address>0x109a4</load_address>
         <run_address>0x109a4</run_address>
         <size>0x9c</size>
         <input_file_ref idref="fl-f4"/>
      </object_component>
      <object_component id="oc-214">
         <name>.text</name>
         <load_address>0x10a40</load_address>
         <run_address>0x10a40</run_address>
         <size>0x88</size>
         <input_file_ref idref="fl-31"/>
      </object_component>
      <object_component id="oc-249">
         <name>.text</name>
         <load_address>0x10ac8</load_address>
         <run_address>0x10ac8</run_address>
         <size>0x7a</size>
         <input_file_ref idref="fl-f5"/>
      </object_component>
      <object_component id="oc-27a">
         <name>.text:__TI_auto_init:__TI_auto_init</name>
         <load_address>0x10b44</load_address>
         <run_address>0x10b44</run_address>
         <size>0x70</size>
         <input_file_ref idref="fl-fa"/>
      </object_component>
      <object_component id="oc-9b">
         <name>.text</name>
         <load_address>0x10bb4</load_address>
         <run_address>0x10bb4</run_address>
         <size>0x50</size>
         <input_file_ref idref="fl-b"/>
      </object_component>
      <object_component id="oc-288">
         <name>.text:copy_in</name>
         <load_address>0x10c04</load_address>
         <run_address>0x10c04</run_address>
         <size>0x4c</size>
         <input_file_ref idref="fl-fc"/>
      </object_component>
      <object_component id="oc-ac">
         <name>.text</name>
         <load_address>0x10c50</load_address>
         <run_address>0x10c50</run_address>
         <size>0x4c</size>
         <input_file_ref idref="fl-e"/>
      </object_component>
      <object_component id="oc-256">
         <name>.text:exit</name>
         <load_address>0x10c9c</load_address>
         <run_address>0x10c9c</run_address>
         <size>0x48</size>
         <input_file_ref idref="fl-f7"/>
      </object_component>
      <object_component id="oc-128">
         <name>.text</name>
         <load_address>0x10ce4</load_address>
         <run_address>0x10ce4</run_address>
         <size>0x3e</size>
         <input_file_ref idref="fl-1a"/>
      </object_component>
      <object_component id="oc-2a">
         <name>.text</name>
         <load_address>0x10d22</load_address>
         <run_address>0x10d22</run_address>
         <size>0x38</size>
         <input_file_ref idref="fl-3"/>
      </object_component>
      <object_component id="oc-f">
         <name>.text:_c_int00:_c_int00</name>
         <load_address>0x10d5c</load_address>
         <run_address>0x10d5c</run_address>
         <size>0x30</size>
         <input_file_ref idref="fl-f6"/>
      </object_component>
      <object_component id="oc-273">
         <name>.text:_args_main</name>
         <load_address>0x10d8c</load_address>
         <run_address>0x10d8c</run_address>
         <size>0x18</size>
         <input_file_ref idref="fl-f9"/>
      </object_component>
      <object_component id="oc-266">
         <name>.text:_register_lock</name>
         <load_address>0x10da4</load_address>
         <run_address>0x10da4</run_address>
         <size>0xc</size>
         <input_file_ref idref="fl-f8"/>
      </object_component>
      <object_component id="oc-260">
         <name>.text:_register_unlock</name>
         <load_address>0x10db0</load_address>
         <run_address>0x10db0</run_address>
         <size>0xc</size>
         <input_file_ref idref="fl-f8"/>
      </object_component>
      <object_component id="oc-71">
         <name>.text</name>
         <load_address>0x10dbc</load_address>
         <run_address>0x10dbc</run_address>
         <size>0xc</size>
         <input_file_ref idref="fl-9"/>
      </object_component>
      <object_component id="oc-169">
         <name>.text:EPIWorkaroundByteRead</name>
         <load_address>0x10dc8</load_address>
         <run_address>0x10dc8</run_address>
         <size>0x8</size>
         <input_file_ref idref="fl-20"/>
      </object_component>
      <object_component id="oc-164">
         <name>.text:EPIWorkaroundByteWrite</name>
         <load_address>0x10dd0</load_address>
         <run_address>0x10dd0</run_address>
         <size>0x8</size>
         <input_file_ref idref="fl-20"/>
      </object_component>
      <object_component id="oc-15f">
         <name>.text:EPIWorkaroundHWordRead</name>
         <load_address>0x10dd8</load_address>
         <run_address>0x10dd8</run_address>
         <size>0x8</size>
         <input_file_ref idref="fl-20"/>
      </object_component>
      <object_component id="oc-15a">
         <name>.text:EPIWorkaroundHWordWrite</name>
         <load_address>0x10de0</load_address>
         <run_address>0x10de0</run_address>
         <size>0x8</size>
         <input_file_ref idref="fl-20"/>
      </object_component>
      <object_component id="oc-155">
         <name>.text:EPIWorkaroundWordRead</name>
         <load_address>0x10de8</load_address>
         <run_address>0x10de8</run_address>
         <size>0x8</size>
         <input_file_ref idref="fl-20"/>
      </object_component>
      <object_component id="oc-150">
         <name>.text:EPIWorkaroundWordWrite</name>
         <load_address>0x10df0</load_address>
         <run_address>0x10df0</run_address>
         <size>0x8</size>
         <input_file_ref idref="fl-20"/>
      </object_component>
      <object_component id="oc-20d">
         <name>.text:SysCtlDelay</name>
         <load_address>0x10df8</load_address>
         <run_address>0x10df8</run_address>
         <size>0x6</size>
         <input_file_ref idref="fl-2f"/>
      </object_component>
      <object_component id="oc-281">
         <name>.text:_system_pre_init</name>
         <load_address>0x10dfe</load_address>
         <run_address>0x10dfe</run_address>
         <size>0x4</size>
         <input_file_ref idref="fl-fb"/>
      </object_component>
      <object_component id="oc-42e">
         <name>.text:abort:abort</name>
         <load_address>0x10e02</load_address>
         <run_address>0x10e02</run_address>
         <size>0x4</size>
         <input_file_ref idref="fl-f7"/>
      </object_component>
      <object_component id="oc-1f8">
         <name>.const:g_pui32Crc32</name>
         <load_address>0x10e08</load_address>
         <run_address>0x10e08</run_address>
         <size>0x400</size>
         <input_file_ref idref="fl-2e"/>
      </object_component>
      <object_component id="oc-1f5">
         <name>.const:g_pui16Crc16</name>
         <load_address>0x11208</load_address>
         <run_address>0x11208</run_address>
         <size>0x200</size>
         <input_file_ref idref="fl-2e"/>
      </object_component>
      <object_component id="oc-204">
         <name>.const:g_pppui32XTALtoVCO</name>
         <load_address>0x11408</load_address>
         <run_address>0x11408</run_address>
         <size>0x1b0</size>
         <input_file_ref idref="fl-2f"/>
      </object_component>
      <object_component id="oc-1f2">
         <name>.const:.string:g_pui8Crc8CCITT</name>
         <load_address>0x115b8</load_address>
         <run_address>0x115b8</run_address>
         <size>0x100</size>
         <input_file_ref idref="fl-2e"/>
      </object_component>
      <object_component id="oc-189">
         <name>.const:g_ppui32GPIOIntMapSnowflake</name>
         <load_address>0x116b8</load_address>
         <run_address>0x116b8</run_address>
         <size>0xd8</size>
         <input_file_ref idref="fl-23"/>
      </object_component>
      <object_component id="oc-186">
         <name>.const:g_ppui32GPIOIntMapBlizzard</name>
         <load_address>0x11790</load_address>
         <run_address>0x11790</run_address>
         <size>0xc0</size>
         <input_file_ref idref="fl-23"/>
      </object_component>
      <object_component id="oc-1aa">
         <name>.const:g_pui32Regs</name>
         <load_address>0x11850</load_address>
         <run_address>0x11850</run_address>
         <size>0x9c</size>
         <input_file_ref idref="fl-26"/>
      </object_component>
      <object_component id="oc-18c">
         <name>.const:g_pui32GPIOBaseAddrs</name>
         <load_address>0x118ec</load_address>
         <run_address>0x118ec</run_address>
         <size>0x90</size>
         <input_file_ref idref="fl-23"/>
      </object_component>
      <object_component id="oc-201">
         <name>.const:g_pui32Xtals</name>
         <load_address>0x1197c</load_address>
         <run_address>0x1197c</run_address>
         <size>0x6c</size>
         <input_file_ref idref="fl-2f"/>
      </object_component>
      <object_component id="oc-220">
         <name>.const:g_ppui32TimerIntMap</name>
         <load_address>0x119e8</load_address>
         <run_address>0x119e8</run_address>
         <size>0x60</size>
         <input_file_ref idref="fl-32"/>
      </object_component>
      <object_component id="oc-19e">
         <name>.const:g_ppui32I2CIntMapSnowflake</name>
         <load_address>0x11a48</load_address>
         <run_address>0x11a48</run_address>
         <size>0x50</size>
         <input_file_ref idref="fl-25"/>
      </object_component>
      <object_component id="oc-223">
         <name>.const:g_ppui32TimerIntMapSnowflake</name>
         <load_address>0x11a98</load_address>
         <run_address>0x11a98</run_address>
         <size>0x40</size>
         <input_file_ref idref="fl-32"/>
      </object_component>
      <object_component id="oc-22c">
         <name>.const:g_ppui32UARTIntMap</name>
         <load_address>0x11ad8</load_address>
         <run_address>0x11ad8</run_address>
         <size>0x40</size>
         <input_file_ref idref="fl-33"/>
      </object_component>
      <object_component id="oc-22f">
         <name>.const:g_ppui32UARTIntMapSnowflake</name>
         <load_address>0x11b18</load_address>
         <run_address>0x11b18</run_address>
         <size>0x40</size>
         <input_file_ref idref="fl-33"/>
      </object_component>
      <object_component id="oc-174">
         <name>.const:g_pui32FMPPERegs</name>
         <load_address>0x11b58</load_address>
         <run_address>0x11b58</run_address>
         <size>0x40</size>
         <input_file_ref idref="fl-21"/>
      </object_component>
      <object_component id="oc-177">
         <name>.const:g_pui32FMPRERegs</name>
         <load_address>0x11b98</load_address>
         <run_address>0x11b98</run_address>
         <size>0x40</size>
         <input_file_ref idref="fl-21"/>
      </object_component>
      <object_component id="oc-19b">
         <name>.const:g_ppui32I2CIntMap</name>
         <load_address>0x11bd8</load_address>
         <run_address>0x11bd8</run_address>
         <size>0x30</size>
         <input_file_ref idref="fl-25"/>
      </object_component>
      <object_component id="oc-207">
         <name>.const:g_sXTALtoMEMTIM</name>
         <load_address>0x11c08</load_address>
         <run_address>0x11c08</run_address>
         <size>0x30</size>
         <input_file_ref idref="fl-2f"/>
      </object_component>
      <object_component id="oc-1e6">
         <name>.const:g_ppui32SSIIntMap</name>
         <load_address>0x11c38</load_address>
         <run_address>0x11c38</run_address>
         <size>0x20</size>
         <input_file_ref idref="fl-2d"/>
      </object_component>
      <object_component id="oc-1e9">
         <name>.const:g_ppui32SSIIntMapSnowflake</name>
         <load_address>0x11c58</load_address>
         <run_address>0x11c58</run_address>
         <size>0x20</size>
         <input_file_ref idref="fl-2d"/>
      </object_component>
      <object_component id="oc-1a7">
         <name>.const:g_pui32Priority</name>
         <load_address>0x11c78</load_address>
         <run_address>0x11c78</run_address>
         <size>0x20</size>
         <input_file_ref idref="fl-26"/>
      </object_component>
      <object_component id="oc-11f">
         <name>.const:g_ui16CANBitValues</name>
         <load_address>0x11c98</load_address>
         <run_address>0x11c98</run_address>
         <size>0x20</size>
         <input_file_ref idref="fl-18"/>
      </object_component>
      <object_component id="oc-146">
         <name>.const:g_pi16MIIClockDiv</name>
         <load_address>0x11cb8</load_address>
         <run_address>0x11cb8</run_address>
         <size>0x18</size>
         <input_file_ref idref="fl-1e"/>
      </object_component>
      <object_component id="oc-1b0">
         <name>.const:g_pui32Dii16Regs</name>
         <load_address>0x11cd0</load_address>
         <run_address>0x11cd0</run_address>
         <size>0x14</size>
         <input_file_ref idref="fl-26"/>
      </object_component>
      <object_component id="oc-1ad">
         <name>.const:g_pui32EnRegs</name>
         <load_address>0x11ce4</load_address>
         <run_address>0x11ce4</run_address>
         <size>0x14</size>
         <input_file_ref idref="fl-26"/>
      </object_component>
      <object_component id="oc-1b3">
         <name>.const:g_pui32PendRegs</name>
         <load_address>0x11cf8</load_address>
         <run_address>0x11cf8</run_address>
         <size>0x14</size>
         <input_file_ref idref="fl-26"/>
      </object_component>
      <object_component id="oc-1b6">
         <name>.const:g_pui32UnpendRegs</name>
         <load_address>0x11d0c</load_address>
         <run_address>0x11d0c</run_address>
         <size>0x14</size>
         <input_file_ref idref="fl-26"/>
      </object_component>
      <object_component id="oc-20a">
         <name>.const:g_pui32VCOFrequencies</name>
         <load_address>0x11d20</load_address>
         <run_address>0x11d20</run_address>
         <size>0x8</size>
         <input_file_ref idref="fl-2f"/>
      </object_component>
      <object_component id="oc-c4">
         <name>.const</name>
         <load_address>0x11d28</load_address>
         <run_address>0x11d28</run_address>
         <size>0x8</size>
         <input_file_ref idref="fl-10"/>
      </object_component>
      <object_component id="oc-1b9">
         <name>.vtable</name>
         <uninitialized>true</uninitialized>
         <run_address>0x20000000</run_address>
         <size>0x26c</size>
         <input_file_ref idref="fl-26"/>
      </object_component>
      <object_component id="oc-25">
         <name>.data:BTN_Stack_Buffer</name>
         <load_address>0x2000026c</load_address>
         <run_address>0x2000026c</run_address>
         <size>0x200</size>
         <input_file_ref idref="fl-2"/>
      </object_component>
      <object_component id="oc-61">
         <name>.data:SOUND_Stack_Buffer</name>
         <load_address>0x2000046c</load_address>
         <run_address>0x2000046c</run_address>
         <size>0x200</size>
         <input_file_ref idref="fl-7"/>
      </object_component>
      <object_component id="oc-6e">
         <name>.data:Startup_Stack_Buffer</name>
         <load_address>0x2000066c</load_address>
         <run_address>0x2000066c</run_address>
         <size>0x200</size>
         <input_file_ref idref="fl-8"/>
      </object_component>
      <object_component id="oc-8f">
         <name>.data:UW_Stack_Buffer</name>
         <load_address>0x2000086c</load_address>
         <run_address>0x2000086c</run_address>
         <size>0x200</size>
         <input_file_ref idref="fl-a"/>
      </object_component>
      <object_component id="oc-e1">
         <name>.data</name>
         <load_address>0x20000a6c</load_address>
         <run_address>0x20000a6c</run_address>
         <size>0x30</size>
         <input_file_ref idref="fl-14"/>
      </object_component>
      <object_component id="oc-253">
         <name>.data:$O1$$</name>
         <load_address>0x20000a9c</load_address>
         <run_address>0x20000a9c</run_address>
         <size>0xc</size>
         <input_file_ref idref="fl-f7"/>
      </object_component>
      <object_component id="oc-c7">
         <name>.data</name>
         <load_address>0x20000aa8</load_address>
         <run_address>0x20000aa8</run_address>
         <size>0xc</size>
         <input_file_ref idref="fl-10"/>
      </object_component>
      <object_component id="oc-105">
         <name>.data</name>
         <load_address>0x20000ab4</load_address>
         <run_address>0x20000ab4</run_address>
         <size>0xc</size>
         <input_file_ref idref="fl-15"/>
      </object_component>
      <object_component id="oc-25d">
         <name>.data:$O1$$</name>
         <load_address>0x20000ac0</load_address>
         <run_address>0x20000ac0</run_address>
         <size>0x8</size>
         <input_file_ref idref="fl-f8"/>
      </object_component>
      <object_component id="oc-4b">
         <name>.data:Blinking_Counter</name>
         <load_address>0x20000ac8</load_address>
         <run_address>0x20000ac8</run_address>
         <size>0x8</size>
         <input_file_ref idref="fl-6"/>
      </object_component>
      <object_component id="oc-64">
         <name>.data</name>
         <load_address>0x20000ad0</load_address>
         <run_address>0x20000ad0</run_address>
         <size>0x8</size>
         <input_file_ref idref="fl-7"/>
      </object_component>
      <object_component id="oc-b5">
         <name>.data</name>
         <load_address>0x20000ad8</load_address>
         <run_address>0x20000ad8</run_address>
         <size>0x4</size>
         <input_file_ref idref="fl-e"/>
      </object_component>
      <object_component id="oc-92">
         <name>.data</name>
         <load_address>0x20000adc</load_address>
         <run_address>0x20000adc</run_address>
         <size>0x4</size>
         <input_file_ref idref="fl-a"/>
      </object_component>
      <object_component id="oc-48">
         <name>.data:Blinking_State</name>
         <load_address>0x20000ae0</load_address>
         <run_address>0x20000ae0</run_address>
         <size>0x2</size>
         <input_file_ref idref="fl-6"/>
      </object_component>
      <object_component id="oc-3c">
         <name>.data</name>
         <load_address>0x20000ae2</load_address>
         <run_address>0x20000ae2</run_address>
         <size>0x2</size>
         <input_file_ref idref="fl-5"/>
      </object_component>
      <object_component id="oc-45">
         <name>.data:SSD_Number</name>
         <load_address>0x20000ae4</load_address>
         <run_address>0x20000ae4</run_address>
         <size>0x2</size>
         <input_file_ref idref="fl-6"/>
      </object_component>
      <object_component id="oc-98">
         <name>.data:UW_CurrTimerDigits</name>
         <load_address>0x20000ae6</load_address>
         <run_address>0x20000ae6</run_address>
         <size>0x2</size>
         <input_file_ref idref="fl-a"/>
      </object_component>
      <object_component id="oc-95">
         <name>.data:UW_SetTimerDigits</name>
         <load_address>0x20000ae8</load_address>
         <run_address>0x20000ae8</run_address>
         <size>0x2</size>
         <input_file_ref idref="fl-a"/>
      </object_component>
      <object_component id="oc-29">
         <name>.data</name>
         <load_address>0x20000aea</load_address>
         <run_address>0x20000aea</run_address>
         <size>0x1</size>
         <input_file_ref idref="fl-2"/>
      </object_component>
      <object_component id="oc-4e">
         <name>.data</name>
         <load_address>0x20000aeb</load_address>
         <run_address>0x20000aeb</run_address>
         <size>0x1</size>
         <input_file_ref idref="fl-6"/>
      </object_component>
      <object_component id="oc-1c">
         <name>.bss:Button_CurrSamplingStates</name>
         <uninitialized>true</uninitialized>
         <run_address>0x20001274</run_address>
         <size>0x4</size>
         <input_file_ref idref="fl-2"/>
      </object_component>
      <object_component id="oc-1f">
         <name>.bss:Button_PrevSamplingStates</name>
         <uninitialized>true</uninitialized>
         <run_address>0x20001286</run_address>
         <size>0x4</size>
         <input_file_ref idref="fl-2"/>
      </object_component>
      <object_component id="oc-22">
         <name>.bss:BTN_TCB</name>
         <uninitialized>true</uninitialized>
         <run_address>0x20000e74</run_address>
         <size>0x58</size>
         <input_file_ref idref="fl-2"/>
      </object_component>
      <object_component id="oc-28">
         <name>.bss:Button_PrevState$1</name>
         <uninitialized>true</uninitialized>
         <run_address>0x2000128a</run_address>
         <size>0x4</size>
         <input_file_ref idref="fl-2"/>
      </object_component>
      <object_component id="oc-55">
         <name>.bss</name>
         <uninitialized>true</uninitialized>
         <run_address>0x20001290</run_address>
         <size>0x4</size>
         <input_file_ref idref="fl-7"/>
      </object_component>
      <object_component id="oc-58">
         <name>.bss:sound_state_sem_block</name>
         <uninitialized>true</uninitialized>
         <run_address>0x200010d4</run_address>
         <size>0x50</size>
         <input_file_ref idref="fl-7"/>
      </object_component>
      <object_component id="oc-5b">
         <name>.bss:sound_param</name>
         <uninitialized>true</uninitialized>
         <run_address>0x20001280</run_address>
         <size>0x6</size>
         <input_file_ref idref="fl-7"/>
      </object_component>
      <object_component id="oc-5e">
         <name>.bss:SOUND_TCB</name>
         <uninitialized>true</uninitialized>
         <run_address>0x20000ecc</run_address>
         <size>0x58</size>
         <input_file_ref idref="fl-7"/>
      </object_component>
      <object_component id="oc-6b">
         <name>.bss:Startup_TCB</name>
         <uninitialized>true</uninitialized>
         <run_address>0x20000f24</run_address>
         <size>0x58</size>
         <input_file_ref idref="fl-8"/>
      </object_component>
      <object_component id="oc-80">
         <name>.bss</name>
         <uninitialized>true</uninitialized>
         <run_address>0x2000126c</run_address>
         <size>0x8</size>
         <input_file_ref idref="fl-a"/>
      </object_component>
      <object_component id="oc-83">
         <name>.bss:pressed_btn_q_ds</name>
         <uninitialized>true</uninitialized>
         <run_address>0x20001084</run_address>
         <size>0x50</size>
         <input_file_ref idref="fl-a"/>
      </object_component>
      <object_component id="oc-86">
         <name>.bss:pressed_btn_q_buffer</name>
         <uninitialized>true</uninitialized>
         <run_address>0x20001294</run_address>
         <size>0x4</size>
         <input_file_ref idref="fl-a"/>
      </object_component>
      <object_component id="oc-89">
         <name>.bss:heating_timer_ds</name>
         <uninitialized>true</uninitialized>
         <run_address>0x200011b0</run_address>
         <size>0x2c</size>
         <input_file_ref idref="fl-a"/>
      </object_component>
      <object_component id="oc-8c">
         <name>.bss:UW_TCB</name>
         <uninitialized>true</uninitialized>
         <run_address>0x20000f7c</run_address>
         <size>0x58</size>
         <input_file_ref idref="fl-a"/>
      </object_component>
      <object_component id="oc-a1">
         <name>.bss:xIdleTaskTCB$1</name>
         <uninitialized>true</uninitialized>
         <run_address>0x20000fd4</run_address>
         <size>0x58</size>
         <input_file_ref idref="fl-b"/>
      </object_component>
      <object_component id="oc-a2">
         <name>.bss:uxIdleTaskStack$2</name>
         <uninitialized>true</uninitialized>
         <run_address>0x20000af0</run_address>
         <size>0x190</size>
         <input_file_ref idref="fl-b"/>
      </object_component>
      <object_component id="oc-a3">
         <name>.bss:xTimerTaskTCB$3</name>
         <uninitialized>true</uninitialized>
         <run_address>0x2000102c</run_address>
         <size>0x58</size>
         <input_file_ref idref="fl-b"/>
      </object_component>
      <object_component id="oc-a4">
         <name>.bss:uxTimerTaskStack$4</name>
         <uninitialized>true</uninitialized>
         <run_address>0x20000c80</run_address>
         <size>0x190</size>
         <input_file_ref idref="fl-b"/>
      </object_component>
      <object_component id="oc-b2">
         <name>.bss:xHeap</name>
         <uninitialized>true</uninitialized>
         <run_address>0x20001278</run_address>
         <size>0x8</size>
         <input_file_ref idref="fl-e"/>
      </object_component>
      <object_component id="oc-e4">
         <name>.bss:pxReadyTasksLists</name>
         <uninitialized>true</uninitialized>
         <run_address>0x20000e10</run_address>
         <size>0x64</size>
         <input_file_ref idref="fl-14"/>
      </object_component>
      <object_component id="oc-e7">
         <name>.bss:xDelayedTaskList1</name>
         <uninitialized>true</uninitialized>
         <run_address>0x20001204</run_address>
         <size>0x14</size>
         <input_file_ref idref="fl-14"/>
      </object_component>
      <object_component id="oc-ea">
         <name>.bss:xDelayedTaskList2</name>
         <uninitialized>true</uninitialized>
         <run_address>0x20001218</run_address>
         <size>0x14</size>
         <input_file_ref idref="fl-14"/>
      </object_component>
      <object_component id="oc-ed">
         <name>.bss</name>
         <uninitialized>true</uninitialized>
         <run_address>0x2000125c</run_address>
         <size>0x8</size>
         <input_file_ref idref="fl-14"/>
      </object_component>
      <object_component id="oc-f0">
         <name>.bss:xPendingReadyList</name>
         <uninitialized>true</uninitialized>
         <run_address>0x2000122c</run_address>
         <size>0x14</size>
         <input_file_ref idref="fl-14"/>
      </object_component>
      <object_component id="oc-f3">
         <name>.bss:xSuspendedTaskList</name>
         <uninitialized>true</uninitialized>
         <run_address>0x20001240</run_address>
         <size>0x14</size>
         <input_file_ref idref="fl-14"/>
      </object_component>
      <object_component id="oc-fc">
         <name>.bss:xActiveTimerList1</name>
         <uninitialized>true</uninitialized>
         <run_address>0x200011dc</run_address>
         <size>0x14</size>
         <input_file_ref idref="fl-15"/>
      </object_component>
      <object_component id="oc-ff">
         <name>.bss:xActiveTimerList2</name>
         <uninitialized>true</uninitialized>
         <run_address>0x200011f0</run_address>
         <size>0x14</size>
         <input_file_ref idref="fl-15"/>
      </object_component>
      <object_component id="oc-102">
         <name>.bss</name>
         <uninitialized>true</uninitialized>
         <run_address>0x20001264</run_address>
         <size>0x8</size>
         <input_file_ref idref="fl-15"/>
      </object_component>
      <object_component id="oc-108">
         <name>.bss:xStaticTimerQueue$2</name>
         <uninitialized>true</uninitialized>
         <run_address>0x20001124</run_address>
         <size>0x50</size>
         <input_file_ref idref="fl-15"/>
      </object_component>
      <object_component id="oc-109">
         <name>.bss:ucStaticTimerQueueStorage$3</name>
         <uninitialized>true</uninitialized>
         <run_address>0x20001174</run_address>
         <size>0x3c</size>
         <input_file_ref idref="fl-15"/>
      </object_component>
      <object_component id="oc-110">
         <name>.bss:g_pui8OversampleFactor</name>
         <uninitialized>true</uninitialized>
         <run_address>0x20001254</run_address>
         <size>0x8</size>
         <input_file_ref idref="fl-16"/>
      </object_component>
      <object_component id="oc-2cf">
         <name>.common:SOUND_Task_Handle</name>
         <uninitialized>true</uninitialized>
         <run_address>0x20001298</run_address>
         <size>0x4</size>
      </object_component>
      <object_component id="oc-2ec">
         <name>.common:Startup_Task_Handle</name>
         <uninitialized>true</uninitialized>
         <run_address>0x2000129c</run_address>
         <size>0x4</size>
      </object_component>
      <object_component id="oc-24f">
         <name>.stack</name>
         <uninitialized>true</uninitialized>
         <run_address>0x20000aec</run_address>
         <size>0x4</size>
         <input_file_ref idref="fl-f6"/>
      </object_component>
      <object_component id="oc-29a">
         <name>.debug_info</name>
         <load_address>0x0</load_address>
         <run_address>0x0</run_address>
         <size>0x5d9</size>
         <input_file_ref idref="fl-2"/>
      </object_component>
      <object_component id="oc-1d">
         <name>.debug_info</name>
         <load_address>0x0</load_address>
         <run_address>0x0</run_address>
         <size>0xe9</size>
         <input_file_ref idref="fl-2"/>
      </object_component>
      <object_component id="oc-20">
         <name>.debug_info</name>
         <load_address>0x0</load_address>
         <run_address>0x0</run_address>
         <size>0xe9</size>
         <input_file_ref idref="fl-2"/>
      </object_component>
      <object_component id="oc-23">
         <name>.debug_info</name>
         <load_address>0x0</load_address>
         <run_address>0x0</run_address>
         <size>0xc5</size>
         <input_file_ref idref="fl-2"/>
      </object_component>
      <object_component id="oc-26">
         <name>.debug_info</name>
         <load_address>0x0</load_address>
         <run_address>0x0</run_address>
         <size>0xd7</size>
         <input_file_ref idref="fl-2"/>
      </object_component>
      <object_component id="oc-17">
         <name>.debug_info</name>
         <load_address>0x0</load_address>
         <run_address>0x0</run_address>
         <size>0x75c</size>
         <input_file_ref idref="fl-2"/>
      </object_component>
      <object_component id="oc-353">
         <name>.debug_info</name>
         <load_address>0x0</load_address>
         <run_address>0x0</run_address>
         <size>0x315</size>
         <input_file_ref idref="fl-2"/>
      </object_component>
      <object_component id="oc-290">
         <name>.debug_info</name>
         <load_address>0x0</load_address>
         <run_address>0x0</run_address>
         <size>0x83</size>
         <input_file_ref idref="fl-2"/>
      </object_component>
      <object_component id="oc-295">
         <name>.debug_info</name>
         <load_address>0x0</load_address>
         <run_address>0x0</run_address>
         <size>0x5a</size>
         <input_file_ref idref="fl-2"/>
      </object_component>
      <object_component id="oc-44a">
         <name>.debug_info</name>
         <load_address>0x0</load_address>
         <run_address>0x0</run_address>
         <size>0x26b</size>
         <input_file_ref idref="fl-2"/>
      </object_component>
      <object_component id="oc-2a6">
         <name>.debug_info</name>
         <load_address>0x0</load_address>
         <run_address>0x0</run_address>
         <size>0x461</size>
         <input_file_ref idref="fl-2"/>
      </object_component>
      <object_component id="oc-306">
         <name>.debug_info</name>
         <load_address>0x0</load_address>
         <run_address>0x0</run_address>
         <size>0x4f</size>
         <input_file_ref idref="fl-2"/>
      </object_component>
      <object_component id="oc-2da">
         <name>.debug_info</name>
         <load_address>0x0</load_address>
         <run_address>0x0</run_address>
         <size>0x2c</size>
         <input_file_ref idref="fl-2"/>
      </object_component>
      <object_component id="oc-2b5">
         <name>.debug_info</name>
         <load_address>0x0</load_address>
         <run_address>0x0</run_address>
         <size>0x84</size>
         <input_file_ref idref="fl-2"/>
      </object_component>
      <object_component id="oc-342">
         <name>.debug_info</name>
         <load_address>0x0</load_address>
         <run_address>0x0</run_address>
         <size>0x2c</size>
         <input_file_ref idref="fl-2"/>
      </object_component>
      <object_component id="oc-44f">
         <name>.debug_info</name>
         <load_address>0x0</load_address>
         <run_address>0x0</run_address>
         <size>0x297</size>
         <input_file_ref idref="fl-2"/>
      </object_component>
      <object_component id="oc-398">
         <name>.debug_info</name>
         <load_address>0x0</load_address>
         <run_address>0x0</run_address>
         <size>0xef</size>
         <input_file_ref idref="fl-2"/>
      </object_component>
      <object_component id="oc-29b">
         <name>.debug_info</name>
         <load_address>0x0</load_address>
         <run_address>0x0</run_address>
         <size>0xbb</size>
         <input_file_ref idref="fl-2"/>
      </object_component>
      <object_component id="oc-445">
         <name>.debug_info</name>
         <load_address>0x0</load_address>
         <run_address>0x0</run_address>
         <size>0x53</size>
         <input_file_ref idref="fl-2"/>
      </object_component>
      <object_component id="oc-329">
         <name>.debug_info</name>
         <load_address>0x0</load_address>
         <run_address>0x0</run_address>
         <size>0x53</size>
         <input_file_ref idref="fl-2"/>
      </object_component>
      <object_component id="oc-371">
         <name>.debug_info</name>
         <load_address>0x0</load_address>
         <run_address>0x0</run_address>
         <size>0x14c</size>
         <input_file_ref idref="fl-2"/>
      </object_component>
      <object_component id="oc-444">
         <name>.debug_line</name>
         <load_address>0x0</load_address>
         <run_address>0x0</run_address>
         <size>0x63</size>
         <input_file_ref idref="fl-2"/>
      </object_component>
      <object_component id="oc-2a1">
         <name>.debug_line</name>
         <load_address>0x0</load_address>
         <run_address>0x0</run_address>
         <size>0x2f</size>
         <input_file_ref idref="fl-2"/>
      </object_component>
      <object_component id="oc-2a3">
         <name>.debug_line</name>
         <load_address>0x0</load_address>
         <run_address>0x0</run_address>
         <size>0x2f</size>
         <input_file_ref idref="fl-2"/>
      </object_component>
      <object_component id="oc-2a5">
         <name>.debug_line</name>
         <load_address>0x0</load_address>
         <run_address>0x0</run_address>
         <size>0x2f</size>
         <input_file_ref idref="fl-2"/>
      </object_component>
      <object_component id="oc-2ac">
         <name>.debug_line</name>
         <load_address>0x0</load_address>
         <run_address>0x0</run_address>
         <size>0x2f</size>
         <input_file_ref idref="fl-2"/>
      </object_component>
      <object_component id="oc-1a">
         <name>.debug_line</name>
         <load_address>0x0</load_address>
         <run_address>0x0</run_address>
         <size>0x162</size>
         <input_file_ref idref="fl-2"/>
      </object_component>
      <object_component id="oc-356">
         <name>.debug_line</name>
         <load_address>0x0</load_address>
         <run_address>0x0</run_address>
         <size>0x30</size>
         <input_file_ref idref="fl-2"/>
      </object_component>
      <object_component id="oc-293">
         <name>.debug_line</name>
         <load_address>0x0</load_address>
         <run_address>0x0</run_address>
         <size>0x2f</size>
         <input_file_ref idref="fl-2"/>
      </object_component>
      <object_component id="oc-298">
         <name>.debug_line</name>
         <load_address>0x0</load_address>
         <run_address>0x0</run_address>
         <size>0x2f</size>
         <input_file_ref idref="fl-2"/>
      </object_component>
      <object_component id="oc-44d">
         <name>.debug_line</name>
         <load_address>0x0</load_address>
         <run_address>0x0</run_address>
         <size>0x71</size>
         <input_file_ref idref="fl-2"/>
      </object_component>
      <object_component id="oc-2a9">
         <name>.debug_line</name>
         <load_address>0x0</load_address>
         <run_address>0x0</run_address>
         <size>0x34</size>
         <input_file_ref idref="fl-2"/>
      </object_component>
      <object_component id="oc-309">
         <name>.debug_line</name>
         <load_address>0x0</load_address>
         <run_address>0x0</run_address>
         <size>0x31</size>
         <input_file_ref idref="fl-2"/>
      </object_component>
      <object_component id="oc-2dd">
         <name>.debug_line</name>
         <load_address>0x0</load_address>
         <run_address>0x0</run_address>
         <size>0x32</size>
         <input_file_ref idref="fl-2"/>
      </object_component>
      <object_component id="oc-2b8">
         <name>.debug_line</name>
         <load_address>0x0</load_address>
         <run_address>0x0</run_address>
         <size>0x20</size>
         <input_file_ref idref="fl-2"/>
      </object_component>
      <object_component id="oc-345">
         <name>.debug_line</name>
         <load_address>0x0</load_address>
         <run_address>0x0</run_address>
         <size>0x34</size>
         <input_file_ref idref="fl-2"/>
      </object_component>
      <object_component id="oc-452">
         <name>.debug_line</name>
         <load_address>0x0</load_address>
         <run_address>0x0</run_address>
         <size>0x75</size>
         <input_file_ref idref="fl-2"/>
      </object_component>
      <object_component id="oc-39b">
         <name>.debug_line</name>
         <load_address>0x0</load_address>
         <run_address>0x0</run_address>
         <size>0x71</size>
         <input_file_ref idref="fl-2"/>
      </object_component>
      <object_component id="oc-29e">
         <name>.debug_line</name>
         <load_address>0x0</load_address>
         <run_address>0x0</run_address>
         <size>0x72</size>
         <input_file_ref idref="fl-2"/>
      </object_component>
      <object_component id="oc-448">
         <name>.debug_line</name>
         <load_address>0x0</load_address>
         <run_address>0x0</run_address>
         <size>0x6d</size>
         <input_file_ref idref="fl-2"/>
      </object_component>
      <object_component id="oc-32c">
         <name>.debug_line</name>
         <load_address>0x0</load_address>
         <run_address>0x0</run_address>
         <size>0x35</size>
         <input_file_ref idref="fl-2"/>
      </object_component>
      <object_component id="oc-374">
         <name>.debug_line</name>
         <load_address>0x0</load_address>
         <run_address>0x0</run_address>
         <size>0x30</size>
         <input_file_ref idref="fl-2"/>
      </object_component>
      <object_component id="oc-1b">
         <name>.debug_frame</name>
         <load_address>0x0</load_address>
         <run_address>0x0</run_address>
         <size>0xdc</size>
         <input_file_ref idref="fl-2"/>
      </object_component>
      <object_component id="oc-443">
         <name>.debug_abbrev</name>
         <load_address>0x0</load_address>
         <run_address>0x0</run_address>
         <size>0x10e</size>
         <input_file_ref idref="fl-2"/>
      </object_component>
      <object_component id="oc-2a0">
         <name>.debug_abbrev</name>
         <load_address>0x0</load_address>
         <run_address>0x0</run_address>
         <size>0x27</size>
         <input_file_ref idref="fl-2"/>
      </object_component>
      <object_component id="oc-2a2">
         <name>.debug_abbrev</name>
         <load_address>0x0</load_address>
         <run_address>0x0</run_address>
         <size>0x27</size>
         <input_file_ref idref="fl-2"/>
      </object_component>
      <object_component id="oc-2a4">
         <name>.debug_abbrev</name>
         <load_address>0x0</load_address>
         <run_address>0x0</run_address>
         <size>0x27</size>
         <input_file_ref idref="fl-2"/>
      </object_component>
      <object_component id="oc-2ab">
         <name>.debug_abbrev</name>
         <load_address>0x0</load_address>
         <run_address>0x0</run_address>
         <size>0x27</size>
         <input_file_ref idref="fl-2"/>
      </object_component>
      <object_component id="oc-28f">
         <name>.debug_abbrev</name>
         <load_address>0x0</load_address>
         <run_address>0x0</run_address>
         <size>0xa9</size>
         <input_file_ref idref="fl-2"/>
      </object_component>
      <object_component id="oc-355">
         <name>.debug_abbrev</name>
         <load_address>0x0</load_address>
         <run_address>0x0</run_address>
         <size>0x9f</size>
         <input_file_ref idref="fl-2"/>
      </object_component>
      <object_component id="oc-357">
         <name>.debug_str</name>
         <load_address>0x0</load_address>
         <run_address>0x0</run_address>
         <size>0x332</size>
         <input_file_ref idref="fl-2"/>
      </object_component>
      <object_component id="oc-292">
         <name>.debug_abbrev</name>
         <load_address>0x0</load_address>
         <run_address>0x0</run_address>
         <size>0x42</size>
         <input_file_ref idref="fl-2"/>
      </object_component>
      <object_component id="oc-294">
         <name>.debug_str</name>
         <load_address>0x0</load_address>
         <run_address>0x0</run_address>
         <size>0xf7</size>
         <input_file_ref idref="fl-2"/>
      </object_component>
      <object_component id="oc-297">
         <name>.debug_abbrev</name>
         <load_address>0x0</load_address>
         <run_address>0x0</run_address>
         <size>0x42</size>
         <input_file_ref idref="fl-2"/>
      </object_component>
      <object_component id="oc-299">
         <name>.debug_str</name>
         <load_address>0x0</load_address>
         <run_address>0x0</run_address>
         <size>0x115</size>
         <input_file_ref idref="fl-2"/>
      </object_component>
      <object_component id="oc-44c">
         <name>.debug_abbrev</name>
         <load_address>0x0</load_address>
         <run_address>0x0</run_address>
         <size>0x69</size>
         <input_file_ref idref="fl-2"/>
      </object_component>
      <object_component id="oc-44e">
         <name>.debug_str</name>
         <load_address>0x0</load_address>
         <run_address>0x0</run_address>
         <size>0x2a8</size>
         <input_file_ref idref="fl-2"/>
      </object_component>
      <object_component id="oc-2a8">
         <name>.debug_abbrev</name>
         <load_address>0x0</load_address>
         <run_address>0x0</run_address>
         <size>0x70</size>
         <input_file_ref idref="fl-2"/>
      </object_component>
      <object_component id="oc-2aa">
         <name>.debug_str</name>
         <load_address>0x0</load_address>
         <run_address>0x0</run_address>
         <size>0x2a9</size>
         <input_file_ref idref="fl-2"/>
      </object_component>
      <object_component id="oc-308">
         <name>.debug_abbrev</name>
         <load_address>0x0</load_address>
         <run_address>0x0</run_address>
         <size>0x33</size>
         <input_file_ref idref="fl-2"/>
      </object_component>
      <object_component id="oc-30a">
         <name>.debug_str</name>
         <load_address>0x0</load_address>
         <run_address>0x0</run_address>
         <size>0xdd</size>
         <input_file_ref idref="fl-2"/>
      </object_component>
      <object_component id="oc-2dc">
         <name>.debug_abbrev</name>
         <load_address>0x0</load_address>
         <run_address>0x0</run_address>
         <size>0x24</size>
         <input_file_ref idref="fl-2"/>
      </object_component>
      <object_component id="oc-2de">
         <name>.debug_str</name>
         <load_address>0x0</load_address>
         <run_address>0x0</run_address>
         <size>0xaa</size>
         <input_file_ref idref="fl-2"/>
      </object_component>
      <object_component id="oc-2b7">
         <name>.debug_abbrev</name>
         <load_address>0x0</load_address>
         <run_address>0x0</run_address>
         <size>0x1f</size>
         <input_file_ref idref="fl-2"/>
      </object_component>
      <object_component id="oc-2b9">
         <name>.debug_str</name>
         <load_address>0x0</load_address>
         <run_address>0x0</run_address>
         <size>0xfc</size>
         <input_file_ref idref="fl-2"/>
      </object_component>
      <object_component id="oc-344">
         <name>.debug_abbrev</name>
         <load_address>0x0</load_address>
         <run_address>0x0</run_address>
         <size>0x24</size>
         <input_file_ref idref="fl-2"/>
      </object_component>
      <object_component id="oc-346">
         <name>.debug_str</name>
         <load_address>0x0</load_address>
         <run_address>0x0</run_address>
         <size>0xa9</size>
         <input_file_ref idref="fl-2"/>
      </object_component>
      <object_component id="oc-451">
         <name>.debug_abbrev</name>
         <load_address>0x0</load_address>
         <run_address>0x0</run_address>
         <size>0x5c</size>
         <input_file_ref idref="fl-2"/>
      </object_component>
      <object_component id="oc-453">
         <name>.debug_str</name>
         <load_address>0x0</load_address>
         <run_address>0x0</run_address>
         <size>0x337</size>
         <input_file_ref idref="fl-2"/>
      </object_component>
      <object_component id="oc-39a">
         <name>.debug_abbrev</name>
         <load_address>0x0</load_address>
         <run_address>0x0</run_address>
         <size>0x24</size>
         <input_file_ref idref="fl-2"/>
      </object_component>
      <object_component id="oc-39c">
         <name>.debug_str</name>
         <load_address>0x0</load_address>
         <run_address>0x0</run_address>
         <size>0x1b3</size>
         <input_file_ref idref="fl-2"/>
      </object_component>
      <object_component id="oc-29d">
         <name>.debug_abbrev</name>
         <load_address>0x0</load_address>
         <run_address>0x0</run_address>
         <size>0x24</size>
         <input_file_ref idref="fl-2"/>
      </object_component>
      <object_component id="oc-29f">
         <name>.debug_str</name>
         <load_address>0x0</load_address>
         <run_address>0x0</run_address>
         <size>0x140</size>
         <input_file_ref idref="fl-2"/>
      </object_component>
      <object_component id="oc-447">
         <name>.debug_abbrev</name>
         <load_address>0x0</load_address>
         <run_address>0x0</run_address>
         <size>0x24</size>
         <input_file_ref idref="fl-2"/>
      </object_component>
      <object_component id="oc-449">
         <name>.debug_str</name>
         <load_address>0x0</load_address>
         <run_address>0x0</run_address>
         <size>0xf8</size>
         <input_file_ref idref="fl-2"/>
      </object_component>
      <object_component id="oc-32b">
         <name>.debug_abbrev</name>
         <load_address>0x0</load_address>
         <run_address>0x0</run_address>
         <size>0x24</size>
         <input_file_ref idref="fl-2"/>
      </object_component>
      <object_component id="oc-32d">
         <name>.debug_str</name>
         <load_address>0x0</load_address>
         <run_address>0x0</run_address>
         <size>0xc9</size>
         <input_file_ref idref="fl-2"/>
      </object_component>
      <object_component id="oc-373">
         <name>.debug_abbrev</name>
         <load_address>0x0</load_address>
         <run_address>0x0</run_address>
         <size>0x61</size>
         <input_file_ref idref="fl-2"/>
      </object_component>
      <object_component id="oc-375">
         <name>.debug_str</name>
         <load_address>0x0</load_address>
         <run_address>0x0</run_address>
         <size>0x12a</size>
         <input_file_ref idref="fl-2"/>
      </object_component>
      <object_component id="oc-18">
         <name>.debug_aranges</name>
         <load_address>0x0</load_address>
         <run_address>0x0</run_address>
         <size>0x48</size>
         <input_file_ref idref="fl-2"/>
      </object_component>
      <object_component id="oc-1e">
         <name>.debug_pubnames</name>
         <load_address>0x0</load_address>
         <run_address>0x0</run_address>
         <size>0x30</size>
         <input_file_ref idref="fl-2"/>
      </object_component>
      <object_component id="oc-21">
         <name>.debug_pubnames</name>
         <load_address>0x0</load_address>
         <run_address>0x0</run_address>
         <size>0x30</size>
         <input_file_ref idref="fl-2"/>
      </object_component>
      <object_component id="oc-24">
         <name>.debug_pubnames</name>
         <load_address>0x0</load_address>
         <run_address>0x0</run_address>
         <size>0x1e</size>
         <input_file_ref idref="fl-2"/>
      </object_component>
      <object_component id="oc-27">
         <name>.debug_pubnames</name>
         <load_address>0x0</load_address>
         <run_address>0x0</run_address>
         <size>0x27</size>
         <input_file_ref idref="fl-2"/>
      </object_component>
      <object_component id="oc-19">
         <name>.debug_pubnames</name>
         <load_address>0x0</load_address>
         <run_address>0x0</run_address>
         <size>0xb2</size>
         <input_file_ref idref="fl-2"/>
      </object_component>
      <object_component id="oc-354">
         <name>.debug_pubtypes</name>
         <load_address>0x0</load_address>
         <run_address>0x0</run_address>
         <size>0xfe</size>
         <input_file_ref idref="fl-2"/>
      </object_component>
      <object_component id="oc-291">
         <name>.debug_pubtypes</name>
         <load_address>0x0</load_address>
         <run_address>0x0</run_address>
         <size>0x30</size>
         <input_file_ref idref="fl-2"/>
      </object_component>
      <object_component id="oc-296">
         <name>.debug_pubtypes</name>
         <load_address>0x0</load_address>
         <run_address>0x0</run_address>
         <size>0x2c</size>
         <input_file_ref idref="fl-2"/>
      </object_component>
      <object_component id="oc-44b">
         <name>.debug_pubtypes</name>
         <load_address>0x0</load_address>
         <run_address>0x0</run_address>
         <size>0x25c</size>
         <input_file_ref idref="fl-2"/>
      </object_component>
      <object_component id="oc-2a7">
         <name>.debug_pubtypes</name>
         <load_address>0x0</load_address>
         <run_address>0x0</run_address>
         <size>0x18e</size>
         <input_file_ref idref="fl-2"/>
      </object_component>
      <object_component id="oc-307">
         <name>.debug_pubtypes</name>
         <load_address>0x0</load_address>
         <run_address>0x0</run_address>
         <size>0x54</size>
         <input_file_ref idref="fl-2"/>
      </object_component>
      <object_component id="oc-2db">
         <name>.debug_pubtypes</name>
         <load_address>0x0</load_address>
         <run_address>0x0</run_address>
         <size>0x28</size>
         <input_file_ref idref="fl-2"/>
      </object_component>
      <object_component id="oc-2b6">
         <name>.debug_pubtypes</name>
         <load_address>0x0</load_address>
         <run_address>0x0</run_address>
         <size>0xed</size>
         <input_file_ref idref="fl-2"/>
      </object_component>
      <object_component id="oc-343">
         <name>.debug_pubtypes</name>
         <load_address>0x0</load_address>
         <run_address>0x0</run_address>
         <size>0x25</size>
         <input_file_ref idref="fl-2"/>
      </object_component>
      <object_component id="oc-450">
         <name>.debug_pubtypes</name>
         <load_address>0x0</load_address>
         <run_address>0x0</run_address>
         <size>0x325</size>
         <input_file_ref idref="fl-2"/>
      </object_component>
      <object_component id="oc-399">
         <name>.debug_pubtypes</name>
         <load_address>0x0</load_address>
         <run_address>0x0</run_address>
         <size>0x12e</size>
         <input_file_ref idref="fl-2"/>
      </object_component>
      <object_component id="oc-29c">
         <name>.debug_pubtypes</name>
         <load_address>0x0</load_address>
         <run_address>0x0</run_address>
         <size>0xaa</size>
         <input_file_ref idref="fl-2"/>
      </object_component>
      <object_component id="oc-446">
         <name>.debug_pubtypes</name>
         <load_address>0x0</load_address>
         <run_address>0x0</run_address>
         <size>0x47</size>
         <input_file_ref idref="fl-2"/>
      </object_component>
      <object_component id="oc-32a">
         <name>.debug_pubtypes</name>
         <load_address>0x0</load_address>
         <run_address>0x0</run_address>
         <size>0x50</size>
         <input_file_ref idref="fl-2"/>
      </object_component>
      <object_component id="oc-372">
         <name>.debug_pubtypes</name>
         <load_address>0x0</load_address>
         <run_address>0x0</run_address>
         <size>0x6c</size>
         <input_file_ref idref="fl-2"/>
      </object_component>
      <object_component id="oc-2b">
         <name>.debug_info</name>
         <load_address>0x0</load_address>
         <run_address>0x0</run_address>
         <size>0x1b7</size>
         <input_file_ref idref="fl-3"/>
      </object_component>
      <object_component id="oc-2ae">
         <name>.debug_info</name>
         <load_address>0x0</load_address>
         <run_address>0x0</run_address>
         <size>0x48</size>
         <input_file_ref idref="fl-3"/>
      </object_component>
      <object_component id="oc-2e">
         <name>.debug_line</name>
         <load_address>0x0</load_address>
         <run_address>0x0</run_address>
         <size>0x5d</size>
         <input_file_ref idref="fl-3"/>
      </object_component>
      <object_component id="oc-2b1">
         <name>.debug_line</name>
[...]
      </symbol>
      <symbol id="sm-1d40">
         <name>USBDMANumChannels</name>
         <value>0x2ce7</value>
         <object_component_ref idref="oc-238"/>
      </symbol>
      <symbol id="sm-1d41">
         <name>USBHostEndpointDataToggle</name>
         <value>0x1d89</value>
         <object_component_ref idref="oc-238"/>
      </symbol>
      <symbol id="sm-1d42">
         <name>USBDevLPMRemoteWake</name>
         <value>0x2e3b</value>
         <object_component_ref idref="oc-238"/>
      </symbol>
      <symbol id="sm-1d43">
         <name>USBDevEndpointStatusClear</name>
         <value>0x1d05</value>
         <object_component_ref idref="oc-238"/>
      </symbol>
      <symbol id="sm-1d44">
         <name>USBULPIEnable</name>
         <value>0x2d0f</value>
         <object_component_ref idref="oc-238"/>
      </symbol>
      <symbol id="sm-1d45">
         <name>USBDMAChannelAddressGet</name>
         <value>0x2c9b</value>
         <object_component_ref idref="oc-238"/>
      </symbol>
      <symbol id="sm-1d46">
         <name>USBModeGet</name>
         <value>0x2a39</value>
         <object_component_ref idref="oc-238"/>
      </symbol>
      <symbol id="sm-1d47">
         <name>USBHostPwrDisable</name>
         <value>0x29cf</value>
         <object_component_ref idref="oc-238"/>
      </symbol>
      <symbol id="sm-1d48">
         <name>USBHostLPMSend</name>
         <value>0x2db7</value>
         <object_component_ref idref="oc-238"/>
      </symbol>
      <symbol id="sm-1d49">
         <name>USBFIFOAddrGet</name>
         <value>0x2a23</value>
         <object_component_ref idref="oc-238"/>
      </symbol>
      <symbol id="sm-1d4a">
         <name>USBHostEndpointStatusClear</name>
         <value>0x1cbd</value>
         <object_component_ref idref="oc-238"/>
      </symbol>
      <symbol id="sm-1d4b">
         <name>USBDMAChannelStatus</name>
         <value>0x2c35</value>
         <object_component_ref idref="oc-238"/>
      </symbol>
      <symbol id="sm-1d4c">
         <name>USBULPIRegWrite</name>
         <value>0x2d77</value>
         <object_component_ref idref="oc-238"/>
      </symbol>
      <symbol id="sm-1d4d">
         <name>USBHostSuspend</name>
         <value>0x19f5</value>
         <object_component_ref idref="oc-238"/>
      </symbol>
      <symbol id="sm-1d4e">
         <name>USBDMAChannelIntEnable</name>
         <value>0x2b75</value>
         <object_component_ref idref="oc-238"/>
      </symbol>
      <symbol id="sm-1d4f">
         <name>USBHostSpeedGet</name>
         <value>0x1a95</value>
         <object_component_ref idref="oc-238"/>
      </symbol>
      <symbol id="sm-1d50">
         <name>USBDevLPMConfig</name>
         <value>0x2e53</value>
         <object_component_ref idref="oc-238"/>
      </symbol>
      <symbol id="sm-1d51">
         <name>USBHostAddrSet</name>
         <value>0x2865</value>
         <object_component_ref idref="oc-238"/>
      </symbol>
      <symbol id="sm-1d52">
         <name>USBDevLPMEnable</name>
         <value>0x2e69</value>
         <object_component_ref idref="oc-238"/>
      </symbol>
      <symbol id="sm-1d53">
         <name>USBControllerVersion</name>
         <value>0x2b33</value>
         <object_component_ref idref="oc-238"/>
      </symbol>
      <symbol id="sm-1d54">
         <name>USBFIFOConfigSet</name>
         <value>0x23c7</value>
         <object_component_ref idref="oc-238"/>
      </symbol>
      <symbol id="sm-1d55">
         <name>USBHostEndpointConfig</name>
         <value>0x1fb5</value>
         <object_component_ref idref="oc-238"/>
      </symbol>
      <symbol id="sm-1d56">
         <name>USBEndpointDMAEnable</name>
         <value>0x252b</value>
         <object_component_ref idref="oc-238"/>
      </symbol>
      <symbol id="sm-1d57">
         <name>USBHostRequestStatus</name>
         <value>0x2853</value>
         <object_component_ref idref="oc-238"/>
      </symbol>
      <symbol id="sm-1d58">
         <name>USBDevLPMDisable</name>
         <value>0x2e81</value>
         <object_component_ref idref="oc-238"/>
      </symbol>
      <symbol id="sm-1d59">
         <name>USBIntDisableControl</name>
         <value>0x1ae3</value>
         <object_component_ref idref="oc-238"/>
      </symbol>
      <symbol id="sm-1d5a">
         <name>USBEndpointDataSend</name>
         <value>0x2735</value>
         <object_component_ref idref="oc-238"/>
      </symbol>
      <symbol id="sm-1d5b">
         <name>USBIntStatusEndpoint</name>
         <value>0x1c03</value>
         <object_component_ref idref="oc-238"/>
      </symbol>
      <symbol id="sm-1d5c">
         <name>USBEndpointDataToggleClear</name>
         <value>0x1e25</value>
         <object_component_ref idref="oc-238"/>
      </symbol>
      <symbol id="sm-1d5d">
         <name>USBPHYPowerOff</name>
         <value>0x2ad3</value>
         <object_component_ref idref="oc-238"/>
      </symbol>
      <symbol id="sm-1d5e">
         <name>USBHostMode</name>
         <value>0x2a89</value>
         <object_component_ref idref="oc-238"/>
      </symbol>
      <symbol id="sm-1d5f">
         <name>USBIntDisableEndpoint</name>
         <value>0x1ba7</value>
         <object_component_ref idref="oc-238"/>
      </symbol>
      <symbol id="sm-1d60">
         <name>USBHostPwrEnable</name>
         <value>0x29b7</value>
         <object_component_ref idref="oc-238"/>
      </symbol>
      <symbol id="sm-1d61">
         <name>USBHostHubAddrGet</name>
         <value>0x292f</value>
         <object_component_ref idref="oc-238"/>
      </symbol>
      <symbol id="sm-1d62">
         <name>USBHostEndpointPing</name>
         <value>0x1e5f</value>
         <object_component_ref idref="oc-238"/>
      </symbol>
      <symbol id="sm-1d63">
         <name>USBHostReset</name>
         <value>0x1a0b</value>
         <object_component_ref idref="oc-238"/>
      </symbol>
      <symbol id="sm-1d64">
         <name>USBHostEndpointDataAck</name>
         <value>0x269f</value>
         <object_component_ref idref="oc-238"/>
      </symbol>
      <symbol id="sm-1d65">
         <name>USBEndpointStatus</name>
         <value>0x1c91</value>
         <object_component_ref idref="oc-238"/>
      </symbol>
      <symbol id="sm-1d66">
         <name>USBEndpointPacketCountSet</name>
         <value>0x2aff</value>
         <object_component_ref idref="oc-238"/>
      </symbol>
      <symbol id="sm-1d67">
         <name>USBIntRegister</name>
         <value>0x1c59</value>
         <object_component_ref idref="oc-238"/>
      </symbol>
      <symbol id="sm-1d68">
         <name>USBLPMIntDisable</name>
         <value>0x2f0d</value>
         <object_component_ref idref="oc-238"/>
      </symbol>
      <symbol id="sm-1d69">
         <name>USBHighSpeed</name>
         <value>0x1a39</value>
         <object_component_ref idref="oc-238"/>
      </symbol>
      <symbol id="sm-1d6a">
         <name>USBDevAddrGet</name>
         <value>0x1fa1</value>
         <object_component_ref idref="oc-238"/>
      </symbol>
      <symbol id="sm-1d6b">
         <name>USBDMAChannelIntDisable</name>
         <value>0x2b95</value>
         <object_component_ref idref="oc-238"/>
      </symbol>
      <symbol id="sm-1d6c">
         <name>USBFrameNumberGet</name>
         <value>0x29e7</value>
         <object_component_ref idref="oc-238"/>
      </symbol>
      <symbol id="sm-1d6d">
         <name>USBEndpointDMAConfigSet</name>
         <value>0x2493</value>
         <object_component_ref idref="oc-238"/>
      </symbol>
      <symbol id="sm-1d6e">
         <name>USBModeConfig</name>
         <value>0x2abf</value>
         <object_component_ref idref="oc-238"/>
      </symbol>
      <symbol id="sm-1d6f">
         <name>USBDevEndpointStall</name>
         <value>0x1e8b</value>
         <object_component_ref idref="oc-238"/>
      </symbol>
      <symbol id="sm-1d70">
         <name>USBHostRequestIN</name>
         <value>0x27fd</value>
         <object_component_ref idref="oc-238"/>
      </symbol>
      <symbol id="sm-1d71">
         <name>USBHostPwrConfig</name>
         <value>0x295d</value>
         <object_component_ref idref="oc-238"/>
      </symbol>
      <symbol id="sm-1d72">
         <name>USBDevConnect</name>
         <value>0x1f61</value>
         <object_component_ref idref="oc-238"/>
      </symbol>
      <symbol id="sm-1d73">
         <name>USBIntUnregister</name>
         <value>0x1c77</value>
         <object_component_ref idref="oc-238"/>
      </symbol>
      <symbol id="sm-1d74">
         <name>USBDevEndpointConfigSet</name>
         <value>0x21e5</value>
         <object_component_ref idref="oc-238"/>
      </symbol>
      <symbol id="sm-1d75">
         <name>USBDMAChannelDisable</name>
         <value>0x2be5</value>
         <object_component_ref idref="oc-238"/>
      </symbol>
      <symbol id="sm-1d76">
         <name>USBDMAChannelEnable</name>
         <value>0x2bc5</value>
         <object_component_ref idref="oc-238"/>
      </symbol>
      <symbol id="sm-1d77">
         <name>USBDMAChannelStatusClear</name>
         <value>0x2c55</value>
         <object_component_ref idref="oc-238"/>
      </symbol>
      <symbol id="sm-1d78">
         <name>USBHostLPMConfig</name>
         <value>0x2dff</value>
         <object_component_ref idref="oc-238"/>
      </symbol>
      <symbol id="sm-1d79">
         <name>USBHostResume</name>
         <value>0x1a67</value>
         <object_component_ref idref="oc-238"/>
      </symbol>
      <symbol id="sm-1d7a">
         <name>USBULPIConfig</name>
         <value>0x2cf9</value>
         <object_component_ref idref="oc-238"/>
      </symbol>
      <symbol id="sm-1d7b">
         <name>USBIntEnableControl</name>
         <value>0x1b21</value>
         <object_component_ref idref="oc-238"/>
      </symbol>
      <symbol id="sm-1d7c">
         <name>USBEndpointDMAChannel</name>
         <value>0x2a4d</value>
         <object_component_ref idref="oc-238"/>
      </symbol>
      <symbol id="sm-1da2">
         <name>WatchdogIntClear</name>
         <value>0xfc49</value>
         <object_component_ref idref="oc-23e"/>
      </symbol>
      <symbol id="sm-1da3">
         <name>WatchdogUnlock</name>
         <value>0xfb8b</value>
         <object_component_ref idref="oc-23e"/>
      </symbol>
      <symbol id="sm-1da4">
         <name>WatchdogRunning</name>
         <value>0xfb21</value>
         <object_component_ref idref="oc-23e"/>
      </symbol>
      <symbol id="sm-1da5">
         <name>WatchdogStallDisable</name>
         <value>0xfc8d</value>
         <object_component_ref idref="oc-23e"/>
      </symbol>
      <symbol id="sm-1da6">
         <name>WatchdogStallEnable</name>
         <value>0xfc75</value>
         <object_component_ref idref="oc-23e"/>
      </symbol>
      <symbol id="sm-1da7">
         <name>WatchdogResetDisable</name>
         <value>0xfb63</value>
         <object_component_ref idref="oc-23e"/>
      </symbol>
      <symbol id="sm-1da8">
         <name>WatchdogReloadSet</name>
         <value>0xfbbf</value>
         <object_component_ref idref="oc-23e"/>
      </symbol>
      <symbol id="sm-1da9">
         <name>WatchdogLockState</name>
         <value>0xfb9d</value>
         <object_component_ref idref="oc-23e"/>
      </symbol>
      <symbol id="sm-1daa">
         <name>WatchdogResetEnable</name>
         <value>0xfb4d</value>
         <object_component_ref idref="oc-23e"/>
      </symbol>
      <symbol id="sm-1dab">
         <name>WatchdogEnable</name>
         <value>0xfb37</value>
         <object_component_ref idref="oc-23e"/>
      </symbol>
      <symbol id="sm-1dac">
         <name>WatchdogIntRegister</name>
         <value>0xfbed</value>
         <object_component_ref idref="oc-23e"/>
      </symbol>
      <symbol id="sm-1dad">
         <name>WatchdogReloadGet</name>
         <value>0xfbd1</value>
         <object_component_ref idref="oc-23e"/>
      </symbol>
      <symbol id="sm-1dae">
         <name>WatchdogValueGet</name>
         <value>0xfbdf</value>
         <object_component_ref idref="oc-23e"/>
      </symbol>
      <symbol id="sm-1daf">
         <name>WatchdogIntStatus</name>
         <value>0xfc2b</value>
         <object_component_ref idref="oc-23e"/>
      </symbol>
      <symbol id="sm-1db0">
         <name>WatchdogIntEnable</name>
         <value>0xfc15</value>
         <object_component_ref idref="oc-23e"/>
      </symbol>
      <symbol id="sm-1db1">
         <name>WatchdogIntTypeSet</name>
         <value>0xfc59</value>
         <object_component_ref idref="oc-23e"/>
      </symbol>
      <symbol id="sm-1db2">
         <name>WatchdogLock</name>
         <value>0xfb79</value>
         <object_component_ref idref="oc-23e"/>
      </symbol>
      <symbol id="sm-1db3">
         <name>WatchdogIntUnregister</name>
         <value>0xfc03</value>
         <object_component_ref idref="oc-23e"/>
      </symbol>
      <symbol id="sm-1dce">
         <name>memcpy</name>
         <value>0x10739</value>
         <object_component_ref idref="oc-244"/>
      </symbol>
      <symbol id="sm-1dcf">
         <name>__aeabi_memcpy</name>
         <value>0x10739</value>
         <object_component_ref idref="oc-244"/>
      </symbol>
      <symbol id="sm-1dd0">
         <name>__aeabi_memcpy8</name>
         <value>0x10739</value>
         <object_component_ref idref="oc-244"/>
      </symbol>
      <symbol id="sm-1dd1">
         <name>__aeabi_memcpy4</name>
         <value>0x10739</value>
         <object_component_ref idref="oc-244"/>
      </symbol>
      <symbol id="sm-1de0">
         <name>__aeabi_memset</name>
         <value>0x1085f</value>
         <object_component_ref idref="oc-249"/>
      </symbol>
      <symbol id="sm-1de1">
         <name>memset</name>
         <value>0x10865</value>
         <object_component_ref idref="oc-249"/>
      </symbol>
      <symbol id="sm-1de2">
         <name>__aeabi_memset8</name>
         <value>0x1085f</value>
         <object_component_ref idref="oc-249"/>
      </symbol>
      <symbol id="sm-1de3">
         <name>__aeabi_memset4</name>
         <value>0x1085f</value>
         <object_component_ref idref="oc-249"/>
      </symbol>
      <symbol id="sm-1de4">
         <name>__aeabi_memclr8</name>
         <value>0x1085d</value>
         <object_component_ref idref="oc-249"/>
      </symbol>
      <symbol id="sm-1de5">
         <name>__aeabi_memclr4</name>
         <value>0x1085d</value>
         <object_component_ref idref="oc-249"/>
      </symbol>
      <symbol id="sm-1de6">
         <name>__aeabi_memclr</name>
         <value>0x1085d</value>
         <object_component_ref idref="oc-249"/>
      </symbol>
      <symbol id="sm-1dfa">
         <name>_c_int00</name>
         <value>0x10af1</value>
         <object_component_ref idref="oc-f"/>
      </symbol>
      <symbol id="sm-1dfb">
         <name>__stack</name>
         <value>0x0</value>
         <object_component_ref idref="oc-24f"/>
      </symbol>
      <symbol id="sm-1e22">
         <name>C$$EXIT</name>
         <value>0x10b97</value>
         <object_component_ref idref="oc-42e"/>
      </symbol>
      <symbol id="sm-1e23">
         <name>abort</name>
         <value>0x10b97</value>
         <object_component_ref idref="oc-42e"/>
      </symbol>
      <symbol id="sm-1e24">
         <name>exit</name>
         <value>0x10a31</value>
         <object_component_ref idref="oc-256"/>
      </symbol>
      <symbol id="sm-1e25">
         <name>__TI_dtors_ptr</name>
         <value>0x834</value>
         <object_component_ref idref="oc-253"/>
      </symbol>
      <symbol id="sm-1e26">
         <name>__TI_cleanup_ptr</name>
         <value>0x830</value>
         <object_component_ref idref="oc-253"/>
      </symbol>
      <symbol id="sm-1e27">
         <name>__TI_enable_exit_profile_output</name>
         <value>0x838</value>
         <object_component_ref idref="oc-253"/>
      </symbol>
      <symbol id="sm-1e51">
         <name>_nop</name>
         <value>0x2f27</value>
         <object_component_ref idref="oc-26c"/>
      </symbol>
      <symbol id="sm-1e52">
         <name>_lock</name>
         <value>0x854</value>
         <object_component_ref idref="oc-25d"/>
      </symbol>
      <symbol id="sm-1e53">
         <name>_unlock</name>
         <value>0x858</value>
         <object_component_ref idref="oc-25d"/>
      </symbol>
      <symbol id="sm-1e54">
         <name>_register_lock</name>
         <value>0x10b39</value>
         <object_component_ref idref="oc-266"/>
      </symbol>
      <symbol id="sm-1e55">
         <name>_register_unlock</name>
         <value>0x10b45</value>
         <object_component_ref idref="oc-260"/>
      </symbol>
      <symbol id="sm-1e6a">
         <name>_args_main</name>
         <value>0x10b21</value>
         <object_component_ref idref="oc-273"/>
      </symbol>
      <symbol id="sm-1e6b">
         <name>__TI_DW.debug_info.cargs.h.a5c41298b8c4f445f26251ba573cf856</name>
         <value>0x0</value>
         <object_component_ref idref="oc-4ef"/>
      </symbol>
      <symbol id="sm-1e9b">
         <name>__TI_auto_init</name>
         <value>0x108d9</value>
         <object_component_ref idref="oc-27a"/>
      </symbol>
      <symbol id="sm-1e9c">
         <name>__TI_DW.debug_info.autoinit.h.21dab31425e470ef6cf5c4ace15cd171</name>
         <value>0x0</value>
         <object_component_ref idref="oc-4f6"/>
      </symbol>
      <symbol id="sm-1e9d">
         <name>__TI_DW.debug_info._types.h.1e0f942b8c8f23c2cf9549148c93d95c</name>
         <value>0x0</value>
         <object_component_ref idref="oc-50c"/>
      </symbol>
      <symbol id="sm-1e9e">
         <name>__TI_DW.debug_info._stdint.h.d0a2d39680b0f3b82813b8fe901bba57</name>
         <value>0x0</value>
         <object_component_ref idref="oc-4fb"/>
      </symbol>
      <symbol id="sm-1e9f">
         <name>__TI_DW.debug_info.cpy_tbl.h.929a33adc79dc4e655db1dd9b71ef015</name>
         <value>0x0</value>
         <object_component_ref idref="oc-500"/>
      </symbol>
      <symbol id="sm-1eaa">
         <name>_system_pre_init</name>
         <value>0x10b93</value>
         <object_component_ref idref="oc-281"/>
      </symbol>
      <symbol id="sm-1ec5">
         <name>copy_in</name>
         <value>0x10999</value>
         <object_component_ref idref="oc-288"/>
      </symbol>
      <symbol id="sm-1ec6">
         <name>__TI_DW.debug_info.autoinit.h.b257c1f3bb31451d3647c00396f99769</name>
         <value>0x0</value>
         <object_component_ref idref="oc-507"/>
      </symbol>
      <symbol id="sm-1ec7">
         <name>__mpu_init</name>
         <value>0x0</value>
      </symbol>
      <symbol id="sm-1ec8">
         <name>__STACK_END</name>
         <value>0x0</value>
      </symbol>
      <symbol id="sm-1ec9">
         <name>__TI_pprof_out_hndl</name>
         <value>0x0</value>
      </symbol>
      <symbol id="sm-1eca">
         <name>__c_args__</name>
         <value>0x0</value>
      </symbol>
      <symbol id="sm-1ecb">
         <name>_system_post_cinit</name>
         <value>0x0</value>
      </symbol>
      <symbol id="sm-1ecc">
         <name>__binit__</name>
         <value>0x0</value>
      </symbol>
      <symbol id="sm-1ecd">
         <name>__TI_Handler_Table_Base</name>
         <value>0x0</value>
      </symbol>
      <symbol id="sm-1ece">
         <name>__TI_Handler_Table_Limit</name>
         <value>0x0</value>
      </symbol>
      <symbol id="sm-1ecf">
         <name>__TI_CINIT_Limit</name>
         <value>0x0</value>
      </symbol>
      <symbol id="sm-1ed0">
         <name>__TI_CINIT_Base</name>
         <value>0x0</value>
      </symbol>
      <symbol id="sm-1ed1">
         <name>SHT$$INIT_ARRAY$$Limit</name>
         <value>0x0</value>
      </symbol>
      <symbol id="sm-1ed2">
         <name>SHT$$INIT_ARRAY$$Base</name>
         <value>0x0</value>
      </symbol>
   </symbol_table>
   <title>Link successful</title>
</link_info>
