******************************************************************************
                  TI ARM Linker Unix v18.1.1                   
******************************************************************************
>> Linked Fri Jul  3 20:08:27 2020

OUTPUT FILE NAME:   <Microwave.out>
ENTRY POINT SYMBOL: "_c_int00"  address: 00010af1


MEMORY CONFIGURATION

         name            origin    length      used     unused   attr    fill
----------------------  --------  ---------  --------  --------  ----  --------
  FLASH                 00000000   00040000  00011d2e  0002e2d2  R  X
  SRAM                  20000000   00008000  000012a0  00006d60  RW X


SECTION ALLOCATION MAP

 output                                  attributes/
section   page    origin      length       input sections
--------  ----  ----------  ----------   ----------------
.intvecs   0    00000000    0000026c     
                  00000000    0000026c     tm4c123gh6pm_startup_ccs.obj (.intvecs)

.text      0    0000026c    00010b9a     
                  0000026c    00001970     tasks.obj (.text)
                  00001bdc    000015b6     usb.obj (.text)
                  00003192    00000002     rtsv7M4_T_le_v4SPD16_eabi.lib : _lock.c.obj (.text:_nop)
                  00003194    00000fe0     queue.obj (.text)
                  00004174    00000f80     sysctl.obj (.text)
                  000050f4    00000ed0     emac.obj (.text)
                  00005fc4    00000c14     gpio.obj (.text)
                  00006bd8    00000b60     stream_buffer.obj (.text)
                  00007738    00000a28     can.obj (.text)
                  00008160    00000928     hibernate.obj (.text)
                  00008a88    00000840     adc.obj (.text)
                  000092c8    00000718     pwm.obj (.text)
                  000099e0    00000710     timers.obj (.text)
                  0000a0f0    000006f8     i2c.obj (.text)
                  0000a7e8    00000642     timer.obj (.text)
                  0000ae2a    00000002     --HOLE-- [fill = 0]
                  0000ae2c    0000062e     uart.obj (.text)
                  0000b45a    00000002     --HOLE-- [fill = 0]
                  0000b45c    000005d8     sw_crc.obj (.text)
                  0000ba34    000005ca     lcd.obj (.text)
                  0000bffe    00000002     --HOLE-- [fill = 0]
                  0000c000    0000059c     epi.obj (.text)
                  0000c59c    0000058c     aes.obj (.text)
                  0000cb28    0000054a     event_groups.obj (.text)
                  0000d072    00000002     --HOLE-- [fill = 0]
                  0000d074    000004f2     shamd5.obj (.text)
                  0000d566    00000002     --HOLE-- [fill = 0]
                  0000d568    000004e0     udma.obj (.text)
                  0000da48    00000470     eeprom.obj (.text)
                  0000deb8    000003f0     flash.obj (.text)
                  0000e2a8    000003c0     interrupt.obj (.text)
                  0000e668    00000362     ssi.obj (.text)
                  0000e9ca    00000002     --HOLE-- [fill = 0]
                  0000e9cc    00000358     uWave.obj (.text)
                  0000ed24    000002e0     des.obj (.text)
                  0000f004    000002b0     port.obj (.text)
                  0000f2b4    00000258     SSD.obj (.text)
                  0000f50c    00000248     Button.obj (.text)
                  0000f754    00000244     qei.obj (.text)
                  0000f998    00000230     onewire.obj (.text)
                  0000fbc8    000001c4     Sound.obj (.text)
                  0000fd8c    00000188     watchdog.obj (.text)
                  0000ff14    0000017c     Debug.obj (.text)
                  00010090    00000168     Heater.obj (.text)
                  000101f8    0000013a     comp.obj (.text)
                  00010332    0000012a     list.obj (.text)
                  0001045c    00000114     main.obj (.text)
                  00010570    000000ec     mpu.obj (.text)
                  0001065c    000000dc     sysexc.obj (.text)
                  00010738    000000da     portasm.obj (.text)
                  00010812    000000d0     crc.obj (.text)
                  000108e2    00000002     --HOLE-- [fill = 0]
                  000108e4    000000c0     fpu.obj (.text)
                  000109a4    0000009c     rtsv7M4_T_le_v4SPD16_eabi.lib : memcpy_t2.asm.obj (.text)
                  00010a40    00000088     systick.obj (.text)
                  00010ac8    0000007a     rtsv7M4_T_le_v4SPD16_eabi.lib : memset_t2.asm.obj (.text)
                  00010b42    00000002     --HOLE-- [fill = 0]
                  00010b44    00000070                                   : autoinit.c.obj (.text:__TI_auto_init:__TI_auto_init)
                  00010bb4    00000050     App.obj (.text)
                  00010c04    0000004c     rtsv7M4_T_le_v4SPD16_eabi.lib : cpy_tbl.c.obj (.text:copy_in)
                  00010c50    0000004c     heap_1.obj (.text)
                  00010c9c    00000048     rtsv7M4_T_le_v4SPD16_eabi.lib : exit.c.obj (.text:exit)
                  00010ce4    0000003e     cpu.obj (.text)
                  00010d22    00000038     Buzzer.obj (.text)
                  00010d5a    00000002     --HOLE-- [fill = 0]
                  00010d5c    00000030     rtsv7M4_T_le_v4SPD16_eabi.lib : boot_cortex_m.c.obj (.text:_c_int00:_c_int00)
                  00010d8c    00000018                                   : args_main.c.obj (.text:_args_main)
                  00010da4    0000000c                                   : _lock.c.obj (.text:_register_lock)
                  00010db0    0000000c                                   : _lock.c.obj (.text:_register_unlock)
                  00010dbc    0000000c     tm4c123gh6pm_startup_ccs.obj (.text)
                  00010dc8    00000008     epi_workaround_ccs.obj (.text:EPIWorkaroundByteRead)
                  00010dd0    00000008     epi_workaround_ccs.obj (.text:EPIWorkaroundByteWrite)
                  00010dd8    00000008     epi_workaround_ccs.obj (.text:EPIWorkaroundHWordRead)
                  00010de0    00000008     epi_workaround_ccs.obj (.text:EPIWorkaroundHWordWrite)
                  00010de8    00000008     epi_workaround_ccs.obj (.text:EPIWorkaroundWordRead)
                  00010df0    00000008     epi_workaround_ccs.obj (.text:EPIWorkaroundWordWrite)
                  00010df8    00000006     sysctl.obj (.text:SysCtlDelay)
                  00010dfe    00000004     rtsv7M4_T_le_v4SPD16_eabi.lib : pre_init.c.obj (.text:_system_pre_init)
                  00010e02    00000004                                   : exit.c.obj (.text:abort:abort)

.const     0    00010e08    00000f28     
                  00010e08    00000400     sw_crc.obj (.const:g_pui32Crc32)
                  00011208    00000200     sw_crc.obj (.const:g_pui16Crc16)
                  00011408    000001b0     sysctl.obj (.const:g_pppui32XTALtoVCO)
                  000115b8    00000100     sw_crc.obj (.const:.string:g_pui8Crc8CCITT)
                  000116b8    000000d8     gpio.obj (.const:g_ppui32GPIOIntMapSnowflake)
                  00011790    000000c0     gpio.obj (.const:g_ppui32GPIOIntMapBlizzard)
                  00011850    0000009c     interrupt.obj (.const:g_pui32Regs)
                  000118ec    00000090     gpio.obj (.const:g_pui32GPIOBaseAddrs)
                  0001197c    0000006c     sysctl.obj (.const:g_pui32Xtals)
                  000119e8    00000060     timer.obj (.const:g_ppui32TimerIntMap)
                  00011a48    00000050     i2c.obj (.const:g_ppui32I2CIntMapSnowflake)
                  00011a98    00000040     timer.obj (.const:g_ppui32TimerIntMapSnowflake)
                  00011ad8    00000040     uart.obj (.const:g_ppui32UARTIntMap)
                  00011b18    00000040     uart.obj (.const:g_ppui32UARTIntMapSnowflake)
                  00011b58    00000040     flash.obj (.const:g_pui32FMPPERegs)
                  00011b98    00000040     flash.obj (.const:g_pui32FMPRERegs)
                  00011bd8    00000030     i2c.obj (.const:g_ppui32I2CIntMap)
                  00011c08    00000030     sysctl.obj (.const:g_sXTALtoMEMTIM)
                  00011c38    00000020     ssi.obj (.const:g_ppui32SSIIntMap)
                  00011c58    00000020     ssi.obj (.const:g_ppui32SSIIntMapSnowflake)
                  00011c78    00000020     interrupt.obj (.const:g_pui32Priority)
                  00011c98    00000020     can.obj (.const:g_ui16CANBitValues)
                  00011cb8    00000018     emac.obj (.const:g_pi16MIIClockDiv)
                  00011cd0    00000014     interrupt.obj (.const:g_pui32Dii16Regs)
                  00011ce4    00000014     interrupt.obj (.const:g_pui32EnRegs)
                  00011cf8    00000014     interrupt.obj (.const:g_pui32PendRegs)
                  00011d0c    00000014     interrupt.obj (.const:g_pui32UnpendRegs)
                  00011d20    00000008     sysctl.obj (.const:g_pui32VCOFrequencies)
                  00011d28    00000008     port.obj (.const)

.cinit     0    00000000    00000000     UNINITIALIZED

.init_array 
*          0    00000000    00000000     UNINITIALIZED

.vtable    0    20000000    0000026c     UNINITIALIZED
                  20000000    0000026c     interrupt.obj (.vtable)

.data      0    2000026c    00000880     
                  2000026c    00000200     Button.obj (.data:BTN_Stack_Buffer)
                  2000046c    00000200     Sound.obj (.data:SOUND_Stack_Buffer)
                  2000066c    00000200     main.obj (.data:Startup_Stack_Buffer)
                  2000086c    00000200     uWave.obj (.data:UW_Stack_Buffer)
                  20000a6c    00000030     tasks.obj (.data)
                  20000a9c    0000000c     rtsv7M4_T_le_v4SPD16_eabi.lib : exit.c.obj (.data:$O1$$)
                  20000aa8    0000000c     port.obj (.data)
                  20000ab4    0000000c     timers.obj (.data)
                  20000ac0    00000008     rtsv7M4_T_le_v4SPD16_eabi.lib : _lock.c.obj (.data:$O1$$)
                  20000ac8    00000008     SSD.obj (.data:Blinking_Counter)
                  20000ad0    00000008     Sound.obj (.data)
                  20000ad8    00000004     heap_1.obj (.data)
                  20000adc    00000004     uWave.obj (.data)
                  20000ae0    00000002     SSD.obj (.data:Blinking_State)
                  20000ae2    00000002     Heater.obj (.data)
                  20000ae4    00000002     SSD.obj (.data:SSD_Number)
                  20000ae6    00000002     uWave.obj (.data:UW_CurrTimerDigits)
                  20000ae8    00000002     uWave.obj (.data:UW_SetTimerDigits)
                  20000aea    00000001     Button.obj (.data)
                  20000aeb    00000001     SSD.obj (.data)

.bss       0    20000af0    000007b0     UNINITIALIZED
                  20000af0    00000190     App.obj (.bss:uxIdleTaskStack$2)
                  20000c80    00000190     App.obj (.bss:uxTimerTaskStack$4)
                  20000e10    00000064     tasks.obj (.bss:pxReadyTasksLists)
                  20000e74    00000058     Button.obj (.bss:BTN_TCB)
                  20000ecc    00000058     Sound.obj (.bss:SOUND_TCB)
                  20000f24    00000058     main.obj (.bss:Startup_TCB)
                  20000f7c    00000058     uWave.obj (.bss:UW_TCB)
                  20000fd4    00000058     App.obj (.bss:xIdleTaskTCB$1)
                  2000102c    00000058     App.obj (.bss:xTimerTaskTCB$3)
                  20001084    00000050     uWave.obj (.bss:pressed_btn_q_ds)
                  200010d4    00000050     Sound.obj (.bss:sound_state_sem_block)
                  20001124    00000050     timers.obj (.bss:xStaticTimerQueue$2)
                  20001174    0000003c     timers.obj (.bss:ucStaticTimerQueueStorage$3)
                  200011b0    0000002c     uWave.obj (.bss:heating_timer_ds)
                  200011dc    00000014     timers.obj (.bss:xActiveTimerList1)
                  200011f0    00000014     timers.obj (.bss:xActiveTimerList2)
                  20001204    00000014     tasks.obj (.bss:xDelayedTaskList1)
                  20001218    00000014     tasks.obj (.bss:xDelayedTaskList2)
                  2000122c    00000014     tasks.obj (.bss:xPendingReadyList)
                  20001240    00000014     tasks.obj (.bss:xSuspendedTaskList)
                  20001254    00000008     adc.obj (.bss:g_pui8OversampleFactor)
                  2000125c    00000008     tasks.obj (.bss)
                  20001264    00000008     timers.obj (.bss)
                  2000126c    00000008     uWave.obj (.bss)
                  20001274    00000004     Button.obj (.bss:Button_CurrSamplingStates)
                  20001278    00000008     heap_1.obj (.bss:xHeap)
                  20001280    00000006     Sound.obj (.bss:sound_param)
                  20001286    00000004     Button.obj (.bss:Button_PrevSamplingStates)
                  2000128a    00000004     Button.obj (.bss:Button_PrevState$1)
                  2000128e    00000002     --HOLE--
                  20001290    00000004     Sound.obj (.bss)
                  20001294    00000004     uWave.obj (.bss:pressed_btn_q_buffer)
                  20001298    00000004     (.common:SOUND_Task_Handle)
                  2000129c    00000004     (.common:Startup_Task_Handle)

.stack     0    20000aec    00000004     UNINITIALIZED
                  20000aec    00000004     rtsv7M4_T_le_v4SPD16_eabi.lib : boot_cortex_m.c.obj (.stack)

MODULE SUMMARY

       Module                         code    ro data   rw data
       ------                         ----    -------   -------
    ./
       uWave.obj                      856     0         744    
       Button.obj                     584     0         613    
       Sound.obj                      452     0         702    
       main.obj                       276     0         604    
       tm4c123gh6pm_startup_ccs.obj   12      620       0      
       SSD.obj                        600     0         13     
       Debug.obj                      380     0         0      
       Heater.obj                     360     0         2      
       Buzzer.obj                     56      0         0      
    +--+------------------------------+-------+---------+---------+
       Total:                         3576    620       2678   
                                                               
    ./OS/
       tasks.obj                      6512    0         236    
       queue.obj                      4064    0         0      
       stream_buffer.obj              2912    0         0      
       timers.obj                     1808    0         200    
       event_groups.obj               1354    0         0      
       App.obj                        80      0         976    
       port.obj                       688     8         12     
       list.obj                       298     0         0      
       portasm.obj                    218     0         0      
       heap_1.obj                     76      0         12     
    +--+------------------------------+-------+---------+---------+
       Total:                         18010   8         1436   
                                                               
    ./driverlib/
       usb.obj                        5558    0         0      
       sysctl.obj                     3974    596       0      
       emac.obj                       3792    24        0      
       gpio.obj                       3092    552       0      
       sw_crc.obj                     1496    1792      0      
       can.obj                        2600    32        0      
       hibernate.obj                  2344    0         0      
       adc.obj                        2112    0         8      
       i2c.obj                        1784    128       0      
       interrupt.obj                  960     268       620    
       pwm.obj                        1816    0         0      
       timer.obj                      1602    160       0      
       uart.obj                       1582    128       0      
       lcd.obj                        1482    0         0      
       epi.obj                        1436    0         0      
       aes.obj                        1420    0         0      
       shamd5.obj                     1266    0         0      
       udma.obj                       1248    0         0      
       eeprom.obj                     1136    0         0      
       flash.obj                      1008    128       0      
       ssi.obj                        866     64        0      
       des.obj                        736     0         0      
       qei.obj                        580     0         0      
       onewire.obj                    560     0         0      
       watchdog.obj                   392     0         0      
       comp.obj                       314     0         0      
       mpu.obj                        236     0         0      
       sysexc.obj                     220     0         0      
       crc.obj                        208     0         0      
       fpu.obj                        192     0         0      
       systick.obj                    136     0         0      
       cpu.obj                        62      0         0      
       epi_workaround_ccs.obj         48      0         0      
    +--+------------------------------+-------+---------+---------+
       Total:                         46258   3872      628    
                                                               
    /home/pola/ti/ccsv8/tools/compiler/ti-cgt-arm_18.1.1.LTS/lib/rtsv7M4_T_le_v4SPD16_eabi.lib
       memcpy_t2.asm.obj              156     0         0      
       memset_t2.asm.obj              122     0         0      
       autoinit.c.obj                 112     0         0      
       exit.c.obj                     76      0         12     
       cpy_tbl.c.obj                  76      0         0      
       boot_cortex_m.c.obj            48      0         0      
       _lock.c.obj                    26      0         8      
       args_main.c.obj                24      0         0      
       pre_init.c.obj                 4       0         0      
    +--+------------------------------+-------+---------+---------+
       Total:                         644     0         20     
                                                               
       Stack:                         0       0         4      
    +--+------------------------------+-------+---------+---------+
       Grand Total:                   68488   4500      4766   


GLOBAL SYMBOLS: SORTED ALPHABETICALLY BY Name 

address   name                                
-------   ----                                
00008fcd  ADCBusy                             
00009015  ADCClockConfigGet                   
00008feb  ADCClockConfigSet                   
00008de7  ADCComparatorConfigure              
00008ec1  ADCComparatorIntClear               
00008e6d  ADCComparatorIntDisable             
00008e8b  ADCComparatorIntEnable              
00008ead  ADCComparatorIntStatus              
00008e03  ADCComparatorRegionSet              
00008e27  ADCComparatorReset                  
00008db5  ADCHardwareOversampleConfigure      
00008957  ADCIntClear                         
00008f35  ADCIntClearEx                       
000088bd  ADCIntDisable                       
00008ed3  ADCIntDisableEx                     
000088d9  ADCIntEnable                        
00008eeb  ADCIntEnableEx                      
00008877  ADCIntRegister                      
000088ff  ADCIntStatus                        
00008f03  ADCIntStatusEx                      
0000889f  ADCIntUnregister                    
00008f87  ADCPhaseDelayGet                    
00008f75  ADCPhaseDelaySet                    
00008bc9  ADCProcessorTrigger                 
00008f63  ADCReferenceGet                     
00008f47  ADCReferenceSet                     
000089a1  ADCSequenceConfigure                
00008fb1  ADCSequenceDMADisable               
00008f95  ADCSequenceDMAEnable                
00008b87  ADCSequenceDataGet                  
00008987  ADCSequenceDisable                  
0000896d  ADCSequenceEnable                   
00008b2b  ADCSequenceOverflow                 
00008b43  ADCSequenceOverflowClear            
00008a3d  ADCSequenceStepConfigure            
00008b59  ADCSequenceUnderflow                
00008b71  ADCSequenceUnderflowClear           
00008bed  ADCSoftwareOversampleConfigure      
00008d21  ADCSoftwareOversampleDataGet        
00008c3f  ADCSoftwareOversampleStepConfigure  
0000c501  AESAuthLengthSet                    
0000c351  AESConfigSet                        
0000c88f  AESDMADisable                       
0000c877  AESDMAEnable                        
0000c647  AESDataAuth                         
0000c5ef  AESDataProcess                      
0000c697  AESDataProcessAuth                  
0000c54d  AESDataRead                         
0000c513  AESDataReadNonBlocking              
0000c5bb  AESDataWrite                        
0000c581  AESDataWriteNonBlocking             
0000c47f  AESIVRead                           
0000c453  AESIVSet                            
0000c825  AESIntClear                         
0000c7e5  AESIntDisable                       
0000c7a5  AESIntEnable                        
0000c84f  AESIntRegister                      
0000c729  AESIntStatus                        
0000c865  AESIntUnregister                    
0000c373  AESKey1Set                          
0000c3cd  AESKey2Set                          
0000c427  AESKey3Set                          
0000c4e7  AESLengthSet                        
0000c331  AESReset                            
0000c4b3  AESTagRead                          
0000f2ef  Button_GetCurrSamplingState         
0000f327  Button_GetPrevSamplingState         
0000f2a1  Button_Init                         
0000f2d3  Button_SetCurrSamplingState         
0000f30b  Button_SetPrevSamplingState         
0000f343  Button_Task                         
00010ab7  Buzzer_Init                         
00010ad5  Buzzer_SetState                     
00010b97  C$$EXIT                             
000076dd  CANBitRateSet                       
00007675  CANBitTimingGet                     
000077a9  CANBitTimingSet                     
00007661  CANDisable                          
0000764d  CANEnable                           
000079f3  CANErrCntrGet                       
000075d1  CANInit                             
000078e5  CANIntClear                         
00007885  CANIntDisable                       
0000786f  CANIntEnable                        
00007837  CANIntRegister                      
0000789b  CANIntStatus                        
00007855  CANIntUnregister                    
00007ec5  CANMessageClear                     
00007cbb  CANMessageGet                       
00007a29  CANMessageSet                       
00007951  CANRetryGet                         
0000791f  CANRetrySet                         
0000796d  CANStatusGet                        
00010aad  CPUbasepriGet                       
00010a9f  CPUbasepriSet                       
00010a79  CPUcpsid                            
00010a8f  CPUcpsie                            
00010a85  CPUprimask                          
00010a9b  CPUwfi                              
000105a7  CRCConfigSet                        
00010605  CRCDataProcess                      
000105cf  CRCDataWrite                        
000105e3  CRCResultRead                       
000105bb  CRCSeedSet                          
0000ff8d  ComparatorConfigure                 
000100b1  ComparatorIntClear                  
00010049  ComparatorIntDisable                
0001002d  ComparatorIntEnable                 
0000ffd9  ComparatorIntRegister               
00010065  ComparatorIntStatus                 
00010005  ComparatorIntUnregister             
0000ffa7  ComparatorRefSet                    
0000ffb9  ComparatorValueGet                  
0000b331  Crc16                               
0000b4d9  Crc16Array                          
0000b4ed  Crc16Array3                         
0000b639  Crc32                               
0000b1f1  Crc8CCITT                           
0000ead7  DESConfigSet                        
0000ed67  DESDMADisable                       
0000ed4f  DESDMAEnable                        
0000ec13  DESDataProcess                      
0000eba1  DESDataRead                         
0000eb77  DESDataReadNonBlocking              
0000ebef  DESDataWrite                        
0000ebc5  DESDataWriteNonBlocking             
0000eb3b  DESIVSet                            
0000ed0d  DESIntClear                         
0000ecdd  DESIntDisable                       
0000ecad  DESIntEnable                        
0000ed27  DESIntRegister                      
0000ec6f  DESIntStatus                        
0000ed3d  DESIntUnregister                    
0000eaf7  DESKeySet                           
0000eb65  DESLengthSet                        
0000eab9  DESReset                            
0000fca9  Debug_Init                          
0000fd81  Debug_PrintNumber                   
0000fccb  Debug_PrintString                   
0000d8a1  EEPROMBlockCountGet                 
0000db5d  EEPROMBlockHide                     
0000dae9  EEPROMBlockLock                     
0000daa1  EEPROMBlockPasswordSet              
0000da61  EEPROMBlockProtectGet               
0000da75  EEPROMBlockProtectSet               
0000db11  EEPROMBlockUnlock                   
0000d851  EEPROMInit                          
0000dbeb  EEPROMIntClear                      
0000db9d  EEPROMIntDisable                    
0000db79  EEPROMIntEnable                     
0000dbbb  EEPROMIntStatus                     
0000da23  EEPROMMassErase                     
0000d905  EEPROMProgram                       
0000d9e1  EEPROMProgramNonBlocking            
0000d8af  EEPROMRead                          
0000d895  EEPROMSizeGet                       
0000dc13  EEPROMStatusGet                     
0000518b  EMACAddrFilterGet                   
00005149  EMACAddrFilterSet                   
000050d5  EMACAddrGet                         
0000507f  EMACAddrSet                         
00005025  EMACConfigGet                       
00004fdb  EMACConfigSet                       
00005359  EMACDMAStateGet                     
000051c5  EMACFrameFilterGet                  
000051a5  EMACFrameFilterSet                  
0000521d  EMACHashFilterBitCalculate          
000051fb  EMACHashFilterGet                   
000051e1  EMACHashFilterSet                   
00004e89  EMACInit                            
0000556d  EMACIntClear                        
000054b1  EMACIntDisable                      
0000544d  EMACIntEnable                       
0000541f  EMACIntRegister                     
00005511  EMACIntStatus                       
00005435  EMACIntUnregister                   
00005be9  EMACLPIConfig                       
00005c39  EMACLPIEnter                        
00005c79  EMACLPILinkClear                    
00005c63  EMACLPILinkSet                      
00005c4f  EMACLPIStatus                       
00005137  EMACNumAddrGet                      
00004f7b  EMACPHYConfigSet                    
00005665  EMACPHYExtendedRead                 
000056ad  EMACPHYExtendedWrite                
00005cf5  EMACPHYMMDRead                      
00005c8f  EMACPHYMMDWrite                     
000056fd  EMACPHYPowerOff                     
00005729  EMACPHYPowerOn                      
00005619  EMACPHYRead                         
000055c5  EMACPHYWrite                        
00005b7f  EMACPowerManagementControlGet       
00005b57  EMACPowerManagementControlSet       
00005b93  EMACPowerManagementStatusGet        
00005b19  EMACRemoteWakeUpFrameFilterGet      
00005adb  EMACRemoteWakeUpFrameFilterSet      
00004f59  EMACReset                           
00005305  EMACRxDMACurrentBufferGet           
000052f1  EMACRxDMACurrentDescriptorGet       
000052e1  EMACRxDMADescriptorListGet          
000052cd  EMACRxDMADescriptorListSet          
000052bb  EMACRxDMAPollDemand                 
000053fd  EMACRxDisable                       
000053db  EMACRxEnable                        
00005279  EMACRxWatchdogTimerSet              
00005295  EMACStatusGet                       
0000589d  EMACTimestampAddendSet              
00005785  EMACTimestampConfigGet              
00005755  EMACTimestampConfigSet              
000057d5  EMACTimestampDisable                
000057a5  EMACTimestampEnable                 
00005921  EMACTimestampIntStatus              
00005999  EMACTimestampPPSCommand             
00005975  EMACTimestampPPSCommandModeSet      
000059c1  EMACTimestampPPSPeriodSet           
00005931  EMACTimestampPPSSimpleModeSet       
00005823  EMACTimestampSysTimeGet             
000057ed  EMACTimestampSysTimeSet             
00005853  EMACTimestampSysTimeUpdate          
00005909  EMACTimestampTargetIntDisable       
000058f1  EMACTimestampTargetIntEnable        
000058c9  EMACTimestampTargetSet              
00005349  EMACTxDMACurrentBufferGet           
00005339  EMACTxDMACurrentDescriptorGet       
00005329  EMACTxDMADescriptorListGet          
00005315  EMACTxDMADescriptorListSet          
000052a9  EMACTxDMAPollDemand                 
000053b9  EMACTxDisable                       
00005397  EMACTxEnable                        
0000536d  EMACTxFlush                         
00005a5f  EMACVLANHashFilterBitCalculate      
00005acb  EMACVLANHashFilterGet               
00005ab7  EMACVLANHashFilterSet               
000059fb  EMACVLANRxConfigGet                 
000059df  EMACVLANRxConfigSet                 
00005a3b  EMACVLANTxConfigGet                 
00005a1d  EMACVLANTxConfigSet                 
00005ba5  EMACWoLEnter                        
0000c0d7  EPIAddressMapSet                    
0000c0af  EPIConfigGPModeSet                  
0000bf2d  EPIConfigHB16CSSet                  
0000bea7  EPIConfigHB16Set                    
0000bf8d  EPIConfigHB16TimingSet              
0000bee9  EPIConfigHB8CSSet                   
0000be65  EPIConfigHB8Set                     
0000bf71  EPIConfigHB8TimingSet               
0000be3f  EPIConfigSDRAMSet                   
0000be27  EPIDMATxCount                       
0000bdb9  EPIDividerCSSet                     
0000bda7  EPIDividerSet                       
0000c22b  EPIFIFOConfig                       
0000c269  EPIIntDisable                       
0000c24f  EPIIntEnable                        
0000c2b5  EPIIntErrorClear                    
0000c2a5  EPIIntErrorStatus                   
0000c2eb  EPIIntRegister                      
0000c283  EPIIntStatus                        
0000c309  EPIIntUnregister                    
0000bd95  EPIModeSet                          
0000c167  EPINonBlockingReadAvail             
0000c0e9  EPINonBlockingReadConfigure         
0000c14d  EPINonBlockingReadCount             
0000c1b3  EPINonBlockingReadGet16             
0000c179  EPINonBlockingReadGet32             
0000c1f1  EPINonBlockingReadGet8              
0000c113  EPINonBlockingReadStart             
0000c131  EPINonBlockingReadStop              
0000c071  EPIPSRAMConfigRegGet                
0000c027  EPIPSRAMConfigRegGetNonBlocking     
0000bfef  EPIPSRAMConfigRegRead               
0000bfa9  EPIPSRAMConfigRegSet                
00010b5d  EPIWorkaroundByteRead               
00010b65  EPIWorkaroundByteWrite              
00010b6d  EPIWorkaroundHWordRead              
00010b75  EPIWorkaroundHWordWrite             
00010b7d  EPIWorkaroundWordRead               
00010b85  EPIWorkaroundWordWrite              
0000c23f  EPIWriteFIFOCountGet                
0001068b  FPUDisable                          
00010679  FPUEnable                           
000106f7  FPUFlushToZeroModeSet               
000106c3  FPUHalfPrecisionModeSet             
000106ab  FPULazyStackingEnable               
000106dd  FPUNaNModeSet                       
00010711  FPURoundingModeSet                  
000106b7  FPUStackingDisable                  
00010699  FPUStackingEnable                   
0000dea9  FlashAllUserRegisterGet             
0000df4d  FlashAllUserRegisterSave            
0000dedb  FlashAllUserRegisterSet             
0000dc4d  FlashErase                          
0000e001  FlashIntClear                       
0000dfc9  FlashIntDisable                     
0000dfb5  FlashIntEnable                      
0000df85  FlashIntRegister                    
0000dfdd  FlashIntStatus                      
0000df9d  FlashIntUnregister                  
0000dc87  FlashProgram                        
0000dd09  FlashProtectGet                     
0000de3d  FlashProtectSave                    
0000dd7d  FlashProtectSet                     
0000de71  FlashUserGet                        
0000df15  FlashUserSave                       
0000de8f  FlashUserSet                        
0000691d  GPIOADCTriggerDisable               
000068ff  GPIOADCTriggerEnable                
000068e1  GPIODMATriggerDisable               
000068c3  GPIODMATriggerEnable                
00005e13  GPIODirModeGet                      
00005db7  GPIODirModeSet                      
000063cd  GPIOIntClear                        
00006391  GPIOIntDisable                      
0000636d  GPIOIntEnable                       
000063e1  GPIOIntRegister                     
00006419  GPIOIntRegisterPin                  
000063ab  GPIOIntStatus                       
00005f03  GPIOIntTypeGet                      
00005e5f  GPIOIntTypeSet                      
000063ff  GPIOIntUnregister                   
00006447  GPIOIntUnregisterPin                
000061fb  GPIOPadConfigGet                    
00005f8d  GPIOPadConfigSet                    
00006865  GPIOPinConfigure                    
0000646b  GPIOPinRead                         
000064a3  GPIOPinTypeADC                      
000064c7  GPIOPinTypeCAN                      
000064eb  GPIOPinTypeComparator               
0000650f  GPIOPinTypeComparatorOutput         
00006533  GPIOPinTypeDIVSCLK                  
00006557  GPIOPinTypeEPI                      
0000657b  GPIOPinTypeEthernetLED              
0000659f  GPIOPinTypeEthernetMII              
000065c3  GPIOPinTypeGPIOInput                
000065e7  GPIOPinTypeGPIOOutput               
00006611  GPIOPinTypeGPIOOutputOD             
00006635  GPIOPinTypeHibernateRTCCLK          
00006659  GPIOPinTypeI2C                      
0000667d  GPIOPinTypeI2CSCL                   
000066a1  GPIOPinTypeLCD                      
000066c5  GPIOPinTypeOneWire                  
000066e9  GPIOPinTypePWM                      
0000670d  GPIOPinTypeQEI                      
00006731  GPIOPinTypeSSI                      
00006755  GPIOPinTypeTimer                    
00006779  GPIOPinTypeTrace                    
0000679d  GPIOPinTypeUART                     
000067c1  GPIOPinTypeUSBAnalog                
000067e5  GPIOPinTypeUSBDigital               
00006809  GPIOPinTypeWakeHigh                 
0000682f  GPIOPinTypeWakeLow                  
00006855  GPIOPinWakeStatus                   
00006483  GPIOPinWrite                        
0000693b  GPIOUnlockPin                       
0000ff03  Heater_ISR                          
0000fe25  Heater_Init                         
0000feef  Heater_SetState                     
0000fecd  Heater_Start                        
00007fab  HibernateBatCheckDone               
00007f99  HibernateBatCheckStart              
00008401  HibernateCalendarGet                
000084c9  HibernateCalendarMatchGet           
0000849f  HibernateCalendarMatchSet           
000083eb  HibernateCalendarSet                
00007f25  HibernateClockConfig                
00008293  HibernateCounterMode                
0000813b  HibernateDataGet                    
00008105  HibernateDataSet                    
00007f13  HibernateDisable                    
00007eff  HibernateEnableExpClk               
00008265  HibernateGPIORetentionDisable       
00008245  HibernateGPIORetentionEnable        
0000827d  HibernateGPIORetentionGet           
00008221  HibernateIntClear                   
00008197  HibernateIntDisable                 
00008183  HibernateIntEnable                  
000081cd  HibernateIntRegister                
00008203  HibernateIntStatus                  
000081ed  HibernateIntUnregister              
00008235  HibernateIsActive                   
0000806b  HibernateLowBatGet                  
00008051  HibernateLowBatSet                  
00007f87  HibernateRTCDisable                 
00007f75  HibernateRTCEnable                  
0000809b  HibernateRTCGet                     
000080b3  HibernateRTCMatchGet                
000080a1  HibernateRTCMatchSet                
000080e5  HibernateRTCSSGet                   
000080d5  HibernateRTCSSMatchGet              
000080c1  HibernateRTCSSMatchSet              
00008077  HibernateRTCSet                     
000080ff  HibernateRTCTrimGet                 
000080ef  HibernateRTCTrimSet                 
00008171  HibernateRequest                    
000085c9  HibernateTamperDisable              
000085a3  HibernateTamperEnable               
0000867d  HibernateTamperEventsClear          
000086ad  HibernateTamperEventsClearNoLock    
00008571  HibernateTamperEventsConfig         
0000874f  HibernateTamperEventsGet            
000087bd  HibernateTamperExtOscRecover        
000087e3  HibernateTamperExtOscValid          
0000864d  HibernateTamperIODisable            
000085f5  HibernateTamperIOEnable             
000086d9  HibernateTamperLock                 
000086f5  HibernateTamperStatusGet            
000086c5  HibernateTamperUnLock               
00008019  HibernateWakeGet                    
00007fb5  HibernateWakeSet                    
0000a47b  I2CFIFODataGet                      
0000a495  I2CFIFODataGetNonBlocking           
0000a431  I2CFIFODataPut                      
0000a453  I2CFIFODataPutNonBlocking           
0000a421  I2CFIFOStatus                       
0000a015  I2CIntRegister                      
0000a033  I2CIntUnregister                    
0000a557  I2CLoopbackEnable                   
0000a4d1  I2CMasterBurstCountGet              
0000a4bb  I2CMasterBurstLengthSet             
0000a279  I2CMasterBusBusy                    
0000a261  I2CMasterBusy                       
0000a291  I2CMasterControl                    
0000a2e5  I2CMasterDataGet                    
0000a2cf  I2CMasterDataPut                    
00009fe1  I2CMasterDisable                    
00009fad  I2CMasterEnable                     
0000a2a3  I2CMasterErr                        
0000a4df  I2CMasterGlitchFilterConfigSet      
00009ee3  I2CMasterInitExpClk                 
0000a1db  I2CMasterIntClear                   
0000a1f9  I2CMasterIntClearEx                 
0000a0a7  I2CMasterIntDisable                 
0000a0b7  I2CMasterIntDisableEx               
0000a04d  I2CMasterIntEnable                  
0000a05d  I2CMasterIntEnableEx                
0000a101  I2CMasterIntStatus                  
0000a145  I2CMasterIntStatusEx                
0000a253  I2CMasterLineStateGet               
0000a231  I2CMasterSlaveAddrSet               
0000a2f3  I2CMasterTimeoutSet                 
0000a3e1  I2CRxFIFOConfigSet                  
0000a409  I2CRxFIFOFlush                      
0000a305  I2CSlaveACKOverride                 
0000a337  I2CSlaveACKValueSet                 
00009f6f  I2CSlaveAddressSet                  
0000a391  I2CSlaveDataGet                     
0000a379  I2CSlaveDataPut                     
00009ff7  I2CSlaveDisable                     
00009fc3  I2CSlaveEnable                      
0000a545  I2CSlaveFIFODisable                 
0000a52d  I2CSlaveFIFOEnable                  
00009f55  I2CSlaveInit                        
0000a20b  I2CSlaveIntClear                    
0000a21d  I2CSlaveIntClearEx                  
0000a0cf  I2CSlaveIntDisable                  
0000a0e7  I2CSlaveIntDisableEx                
0000a075  I2CSlaveIntEnable                   
0000a08d  I2CSlaveIntEnableEx                 
0000a171  I2CSlaveIntStatus                   
0000a1b9  I2CSlaveIntStatusEx                 
0000a369  I2CSlaveStatus                      
0000a3a1  I2CTxFIFOConfigSet                  
0000a3c9  I2CTxFIFOFlush                      
0000e1fd  IntDisable                          
0000e18b  IntEnable                           
0000e26f  IntIsEnabled                        
0000e04f  IntMasterDisable                    
0000e03f  IntMasterEnable                     
0000e365  IntPendClear                        
0000e2f5  IntPendSet                          
0000e167  IntPriorityGet                      
0000e0df  IntPriorityGroupingGet              
0000e0c5  IntPriorityGroupingSet              
0000e3bf  IntPriorityMaskGet                  
0000e3b3  IntPriorityMaskSet                  
0000e117  IntPrioritySet                      
0000e05f  IntRegister                         
0000e3c7  IntTrigger                          
0000e0b1  IntUnregister                       
0000b80f  LCDClockReset                       
0000bc11  LCDDMAConfigSet                     
0000b8ad  LCDIDDCommandWrite                  
0000b82f  LCDIDDConfigSet                     
0000b897  LCDIDDDMADisable                    
0000b9b3  LCDIDDDMAWrite                      
0000b959  LCDIDDDataRead                      
0000b8d3  LCDIDDDataWrite                     
0000b979  LCDIDDIndexedRead                   
0000b8f9  LCDIDDIndexedWrite                  
0000b939  LCDIDDStatusRead                    
0000b841  LCDIDDTimingSet                     
0000bd59  LCDIntClear                         
0000bd29  LCDIntDisable                       
0000bd17  LCDIntEnable                        
0000bd6b  LCDIntRegister                      
0000bd3b  LCDIntStatus                        
0000bd81  LCDIntUnregister                    
0000b7c9  LCDModeSet                          
0000bb1b  LCDRasterACBiasIntCountSet          
0000ba0d  LCDRasterConfigSet                  
0000bb85  LCDRasterDisable                    
0000bb4d  LCDRasterEnable                     
0000bb67  LCDRasterEnabled                    
0000bcd9  LCDRasterFrameBufferSet             
0000bc23  LCDRasterPaletteSet                 
0000bb9b  LCDRasterSubPanelConfigSet          
0000bbfb  LCDRasterSubPanelDisable            
0000bbe5  LCDRasterSubPanelEnable             
0000ba31  LCDRasterTimingSet                  
00010319  MPUDisable                          
00010305  MPUEnable                           
000103b7  MPUIntRegister                      
000103cb  MPUIntUnregister                    
00010325  MPURegionCountGet                   
0001034b  MPURegionDisable                    
00010331  MPURegionEnable                     
0001038f  MPURegionGet                        
00010365  MPURegionSet                        
0000f73f  OneWireBusReset                     
0000f753  OneWireBusStatus                    
0000f867  OneWireDMADisable                   
0000f891  OneWireDMAEnable                    
0000f765  OneWireDataGet                      
0000f781  OneWireDataGetNonBlocking           
0000f72d  OneWireInit                         
0000f7a3  OneWireIntClear                     
0000f7b7  OneWireIntDisable                   
0000f7d1  OneWireIntEnable                    
0000f82f  OneWireIntRegister                  
0000f7eb  OneWireIntStatus                    
0000f84d  OneWireIntUnregister                
0000f8e1  OneWireTransaction                  
000096d7  PWMClockGet                         
000096b7  PWMClockSet                         
00009201  PWMDeadBandDisable                  
000091c9  PWMDeadBandEnable                   
0000957d  PWMFaultIntClear                    
000095af  PWMFaultIntClearExt                 
00009497  PWMFaultIntRegister                 
000094b5  PWMFaultIntUnregister               
0000905d  PWMGenConfigure                     
0000911b  PWMGenDisable                       
00009101  PWMGenEnable                        
00009681  PWMGenFaultClear                    
000095cd  PWMGenFaultConfigure                
0000964b  PWMGenFaultStatus                   
00009627  PWMGenFaultTriggerGet               
000095fd  PWMGenFaultTriggerSet               
00009535  PWMGenIntClear                      
00009409  PWMGenIntRegister                   
0000950b  PWMGenIntStatus                     
000094ed  PWMGenIntTrigDisable                
000094cf  PWMGenIntTrigEnable                 
00009431  PWMGenIntUnregister                 
000090d7  PWMGenPeriodGet                     
000090a7  PWMGenPeriodSet                     
00009565  PWMIntDisable                       
0000954d  PWMIntEnable                        
0000958f  PWMIntStatus                        
000092d7  PWMOutputFault                      
000092a5  PWMOutputFaultLevel                 
00009273  PWMOutputInvert                     
00009241  PWMOutputState                      
00009701  PWMOutputUpdateMode                 
0000917f  PWMPulseWidthGet                    
00009135  PWMPulseWidthSet                    
0000922f  PWMSyncTimeBase                     
0000921d  PWMSyncUpdate                       
0000f511  QEIConfigure                        
0000f555  QEIDirectionGet                     
0000f4fd  QEIDisable                          
0000f4e9  QEIEnable                           
0000f56f  QEIErrorGet                         
0000f5b5  QEIFilterConfigure                  
0000f5a1  QEIFilterDisable                    
0000f58d  QEIFilterEnable                     
0000f707  QEIIntClear                         
0000f6d1  QEIIntDisable                       
0000f6b9  QEIIntEnable                        
0000f681  QEIIntRegister                      
0000f6e9  QEIIntStatus                        
0000f69f  QEIIntUnregister                    
0000f535  QEIPositionGet                      
0000f543  QEIPositionSet                      
0000f5f9  QEIVelocityConfigure                
0000f5e5  QEIVelocityDisable                  
0000f5d1  QEIVelocityEnable                   
0000f61f  QEIVelocityGet                      
00010b51  ResetISR                            
0000cff3  SHAMD5ConfigSet                     
0000ce53  SHAMD5DMADisable                    
0000ce3b  SHAMD5DMAEnable                     
0000d17d  SHAMD5DataProcess                   
0000d049  SHAMD5DataWrite                     
0000d005  SHAMD5DataWriteNonBlocking          
0000d27d  SHAMD5HMACKeySet                    
0000d201  SHAMD5HMACPPKeyGenerate             
0000d2b9  SHAMD5HMACPPKeySet                  
0000d1bd  SHAMD5HMACProcess                   
0000cfe1  SHAMD5HashLengthSet                 
0000cf8f  SHAMD5IntClear                      
0000cf37  SHAMD5IntDisable                    
0000cee7  SHAMD5IntEnable                     
0000cfb9  SHAMD5IntRegister                   
0000ce6b  SHAMD5IntStatus                     
0000cfcf  SHAMD5IntUnregister                 
0000ce09  SHAMD5Reset                         
0000d087  SHAMD5ResultRead                    
UNDEFED   SHT$$INIT_ARRAY$$Base               
UNDEFED   SHT$$INIT_ARRAY$$Limit              
000007a8  SOUND_Task_Handle                   
0000f1c3  SSD_ISR                             
0000f049  SSD_Init                            
0000f197  SSD_SetBlinkable                    
0000f173  SSD_SetSymbol                       
0000f103  SSD_Start                           
0000e6b5  SSIAdvDataPutFrameEnd               
0000e6db  SSIAdvDataPutFrameEndNonBlocking    
0000e71d  SSIAdvFrameHoldDisable              
0000e707  SSIAdvFrameHoldEnable               
0000e683  SSIAdvModeSet                       
0000e641  SSIBusy                             
0000e673  SSIClockSourceGet                   
0000e65f  SSIClockSourceSet                   
0000e45b  SSIConfigSetExpClk                  
0000e629  SSIDMADisable                       
0000e611  SSIDMAEnable                        
0000e5d3  SSIDataGet                          
0000e5ef  SSIDataGetNonBlocking               
0000e599  SSIDataPut                          
0000e5b3  SSIDataPutNonBlocking               
0000e4eb  SSIDisable                          
0000e4d5  SSIEnable                           
0000e587  SSIIntClear                         
0000e551  SSIIntDisable                       
0000e539  SSIIntEnable                        
0000e501  SSIIntRegister                      
0000e569  SSIIntStatus                        
0000e51f  SSIIntUnregister                    
0000e749  SSILoopbackDisable                  
0000e733  SSILoopbackEnable                   
0000f95d  Sound_Init                          
0000f991  Sound_Set                           
0000f9f5  Sound_Task                          
000101f1  Startup_Task                        
000007ac  Startup_Task_Handle                 
00004e45  SysCtlAltClkConfig                  
0000456d  SysCtlClockFreqSet                  
00004a35  SysCtlClockGet                      
00004e29  SysCtlClockOutConfig                
00004865  SysCtlClockSet                      
00004471  SysCtlDeepSleep                     
00004bf9  SysCtlDeepSleepClockConfigSet       
00004bdb  SysCtlDeepSleepClockSet             
00004451  SysCtlDeepSleepPowerSet             
00010b8d  SysCtlDelay                         
00003fff  SysCtlFlashSectorSizeGet            
00003fd3  SysCtlFlashSizeGet                  
00004ccf  SysCtlGPIOAHBDisable                
00004cb3  SysCtlGPIOAHBEnable                 
000043e5  SysCtlIntClear                      
000043cd  SysCtlIntDisable                    
000043b9  SysCtlIntEnable                     
00004391  SysCtlIntRegister                   
000043f5  SysCtlIntStatus                     
000043a9  SysCtlIntUnregister                 
00004437  SysCtlLDODeepSleepGet               
00004427  SysCtlLDODeepSleepSet               
00004421  SysCtlLDOSleepGet                   
00004411  SysCtlLDOSleepSet                   
000044a7  SysCtlMOSCConfigSet                 
00004e0d  SysCtlNMIClear                      
00004df9  SysCtlNMIStatus                     
000044bd  SysCtlPIOSCCalibrate                
00004c9d  SysCtlPWMClockGet                   
00004c83  SysCtlPWMClockSet                   
0000433d  SysCtlPeripheralClockGating         
000042f5  SysCtlPeripheralDeepSleepDisable    
000042a5  SysCtlPeripheralDeepSleepEnable     
000041e1  SysCtlPeripheralDisable             
000041a5  SysCtlPeripheralEnable              
000040e1  SysCtlPeripheralPowerOff            
000040a5  SysCtlPeripheralPowerOn             
00004025  SysCtlPeripheralPresent             
00004065  SysCtlPeripheralReady               
0000411d  SysCtlPeripheralReset               
00004269  SysCtlPeripheralSleepDisable        
00004225  SysCtlPeripheralSleepEnable         
00004461  SysCtlReset                         
0000451d  SysCtlResetBehaviorGet              
0000450d  SysCtlResetBehaviorSet              
00004493  SysCtlResetCauseClear               
0000448d  SysCtlResetCauseGet                 
00003fc9  SysCtlSRAMSizeGet                   
00004469  SysCtlSleep                         
0000443d  SysCtlSleepPowerSet                 
00004cf7  SysCtlUSBPLLDisable                 
00004ceb  SysCtlUSBPLLEnable                  
00004d3d  SysCtlVCOGet                        
00004d25  SysCtlVoltageEventClear             
00004d09  SysCtlVoltageEventConfig            
00004d19  SysCtlVoltageEventStatus            
0001049b  SysExcIntClear                      
0001046b  SysExcIntDisable                    
00010457  SysExcIntEnable                     
00010427  SysExcIntRegister                   
0001047f  SysExcIntStatus                     
00010441  SysExcIntUnregister                 
000107e1  SysTickDisable                      
000107d5  SysTickEnable                       
00010825  SysTickIntDisable                   
00010819  SysTickIntEnable                    
000107ed  SysTickIntRegister                  
00010805  SysTickIntUnregister                
00010843  SysTickPeriodGet                    
00010831  SysTickPeriodSet                    
0001084b  SysTickValueGet                     
0000ab3d  TimerADCEventGet                    
0000ab2b  TimerADCEventSet                    
0000a861  TimerClockSourceGet                 
0000a837  TimerClockSourceSet                 
0000a62b  TimerConfigure                      
0000a74b  TimerControlEvent                   
0000a6a7  TimerControlLevel                   
0000a775  TimerControlStall                   
0000a6dd  TimerControlTrigger                 
0000a7ab  TimerControlWaitOnTrigger           
0000ab5d  TimerDMAEventGet                    
0000ab4b  TimerDMAEventSet                    
0000a60d  TimerDisable                        
0000a5ef  TimerEnable                         
0000ab07  TimerIntClear                       
0000aad1  TimerIntDisable                     
0000aab9  TimerIntEnable                      
0000aa73  TimerIntRegister                    
0000aae9  TimerIntStatus                      
0000aa9b  TimerIntUnregister                  
0000a92b  TimerLoadGet                        
0000a961  TimerLoadGet64                      
0000a901  TimerLoadSet                        
0000a947  TimerLoadSet64                      
0000aa0b  TimerMatchGet                       
0000aa41  TimerMatchGet64                     
0000a9e1  TimerMatchSet                       
0000aa27  TimerMatchSet64                     
0000a89b  TimerPrescaleGet                    
0000a8e5  TimerPrescaleMatchGet               
0000a8b7  TimerPrescaleMatchSet               
0000a871  TimerPrescaleSet                    
0000a821  TimerRTCDisable                     
0000a80b  TimerRTCEnable                      
0000ab19  TimerSynchronize                    
0000ab6b  TimerUpdateMode                     
0000a993  TimerValueGet                       
0000a9af  TimerValueGet64                     
0000b191  UART9BitAddrSend                    
0000b16b  UART9BitAddrSet                     
0000b155  UART9BitDisable                     
0000b13f  UART9BitEnable                      
0000afe3  UARTBreakCtl                        
0000b00d  UARTBusy                            
0000af8b  UARTCharGet                         
0000af6f  UARTCharGetNonBlocking              
0000afc5  UARTCharPut                         
0000afa1  UARTCharPutNonBlocking              
0000af33  UARTCharsAvail                      
0000b12f  UARTClockSourceGet                  
0000b11b  UARTClockSourceSet                  
0000ad03  UARTConfigGetExpClk                 
0000ac8d  UARTConfigSetExpClk                 
0000b0e1  UARTDMADisable                      
0000b0c9  UARTDMAEnable                       
0000ad73  UARTDisable                         
0000adf7  UARTDisableSIR                      
0000ad4f  UARTEnable                          
0000adc9  UARTEnableSIR                       
0000adb3  UARTFIFODisable                     
0000ad9d  UARTFIFOEnable                      
0000ac65  UARTFIFOLevelGet                    
0000ac4d  UARTFIFOLevelSet                    
0000aef3  UARTFlowControlGet                  
0000aed7  UARTFlowControlSet                  
0000b0b7  UARTIntClear                        
0000b081  UARTIntDisable                      
0000b069  UARTIntEnable                       
0000b02b  UARTIntRegister                     
0000b099  UARTIntStatus                       
0000b049  UARTIntUnregister                   
0000b1d9  UARTLoopbackEnable                  
0000ae8d  UARTModemControlClear               
0000aeb1  UARTModemControlGet                 
0000ae55  UARTModemControlSet                 
0000aec3  UARTModemStatusGet                  
0000ac3b  UARTParityModeGet                   
0000ac1f  UARTParityModeSet                   
0000b10b  UARTRxErrorClear                    
0000b0f9  UARTRxErrorGet                      
0000ae3f  UARTSmartCardDisable                
0000ae0d  UARTSmartCardEnable                 
0000af51  UARTSpaceAvail                      
0000af21  UARTTxIntModeGet                    
0000af05  UARTTxIntModeSet                    
00002b63  USBClockDisable                     
00002b47  USBClockEnable                      
00002b33  USBControllerVersion                
00002c9b  USBDMAChannelAddressGet             
00002c7f  USBDMAChannelAddressSet             
00002c05  USBDMAChannelConfigSet              
00002ccf  USBDMAChannelCountGet               
00002cb3  USBDMAChannelCountSet               
00002be5  USBDMAChannelDisable                
00002bc5  USBDMAChannelEnable                 
00002b95  USBDMAChannelIntDisable             
00002b75  USBDMAChannelIntEnable              
00002bb5  USBDMAChannelIntStatus              
00002c35  USBDMAChannelStatus                 
00002c55  USBDMAChannelStatusClear            
00002ce7  USBDMANumChannels                   
00001fa1  USBDevAddrGet                       
00001f8d  USBDevAddrSet                       
00001f61  USBDevConnect                       
00001f77  USBDevDisconnect                    
000022d7  USBDevEndpointConfigGet             
000021e5  USBDevEndpointConfigSet             
00002661  USBDevEndpointDataAck               
00001e8b  USBDevEndpointStall                 
00001eed  USBDevEndpointStallClear            
00001d05  USBDevEndpointStatusClear           
00002e53  USBDevLPMConfig                     
00002e81  USBDevLPMDisable                    
00002e69  USBDevLPMEnable                     
00002e3b  USBDevLPMRemoteWake                 
00002a9b  USBDevMode                          
00001acb  USBDevSpeedGet                      
00002a4d  USBEndpointDMAChannel               
00002493  USBEndpointDMAConfigSet             
00002565  USBEndpointDMADisable               
0000252b  USBEndpointDMAEnable                
0000259f  USBEndpointDataAvail                
000025d7  USBEndpointDataGet                  
000026d1  USBEndpointDataPut                  
00002735  USBEndpointDataSend                 
00001e25  USBEndpointDataToggleClear          
00002aff  USBEndpointPacketCountSet           
00001c91  USBEndpointStatus                   
00002a23  USBFIFOAddrGet                      
0000242d  USBFIFOConfigGet                    
000023c7  USBFIFOConfigSet                    
0000278d  USBFIFOFlush                        
000029e7  USBFrameNumberGet                   
00001a39  USBHighSpeed                        
0000289d  USBHostAddrGet                      
00002865  USBHostAddrSet                      
00001fb5  USBHostEndpointConfig               
0000269f  USBHostEndpointDataAck              
00001d89  USBHostEndpointDataToggle           
00001e5f  USBHostEndpointPing                 
0000214f  USBHostEndpointSpeed                
00001cbd  USBHostEndpointStatusClear          
0000292f  USBHostHubAddrGet                   
000028cb  USBHostHubAddrSet                   
00002dff  USBHostLPMConfig                    
00002e23  USBHostLPMResume                    
00002db7  USBHostLPMSend                      
00002a89  USBHostMode                         
0000295d  USBHostPwrConfig                    
000029cf  USBHostPwrDisable                   
000029b7  USBHostPwrEnable                    
0000299f  USBHostPwrFaultDisable              
00002987  USBHostPwrFaultEnable               
000027fd  USBHostRequestIN                    
00002825  USBHostRequestINClear               
00002853  USBHostRequestStatus                
00001a0b  USBHostReset                        
00001a67  USBHostResume                       
00001a95  USBHostSpeedGet                     
000019f5  USBHostSuspend                      
00001ae3  USBIntDisableControl                
00001ba7  USBIntDisableEndpoint               
00001b21  USBIntEnableControl                 
00001bd5  USBIntEnableEndpoint                
00001c59  USBIntRegister                      
00001b5b  USBIntStatusControl                 
00001c03  USBIntStatusEndpoint                
00001c77  USBIntUnregister                    
00002ead  USBLPMEndpointGet                   
00002f0d  USBLPMIntDisable                    
00002ef3  USBLPMIntEnable                     
00002ee3  USBLPMIntStatus                     
00002e99  USBLPMLinkStateGet                  
00002ec9  USBLPMRemoteWakeEnabled             
00002abf  USBModeConfig                       
00002a39  USBModeGet                          
00002b1f  USBNumEndpointsGet                  
00002aad  USBOTGMode                          
000029f5  USBOTGSessionRequest                
00002ad3  USBPHYPowerOff                      
00002ae9  USBPHYPowerOn                       
00002cf9  USBULPIConfig                       
00002d27  USBULPIDisable                      
00002d0f  USBULPIEnable                       
00002d3f  USBULPIRegRead                      
00002d77  USBULPIRegWrite                     
0000e761  UWAVE_Init                          
0000e7ab  UWAVE_SetPressedButton              
0000e8a9  UWAVE_Task                          
0000fb37  WatchdogEnable                      
0000fc49  WatchdogIntClear                    
0000fc15  WatchdogIntEnable                   
0000fbed  WatchdogIntRegister                 
0000fc2b  WatchdogIntStatus                   
0000fc59  WatchdogIntTypeSet                  
0000fc03  WatchdogIntUnregister               
0000fb79  WatchdogLock                        
0000fb9d  WatchdogLockState                   
0000fbd1  WatchdogReloadGet                   
0000fbbf  WatchdogReloadSet                   
0000fb63  WatchdogResetDisable                
0000fb4d  WatchdogResetEnable                 
0000fb21  WatchdogRunning                     
0000fc8d  WatchdogStallDisable                
0000fc75  WatchdogStallEnable                 
0000fb8b  WatchdogUnlock                      
0000fbdf  WatchdogValueGet                    
UNDEFED   __STACK_END                         
dffff714  __STACK_TOP                         
UNDEFED   __TI_CINIT_Base                     
UNDEFED   __TI_CINIT_Limit                    
UNDEFED   __TI_Handler_Table_Base             
UNDEFED   __TI_Handler_Table_Limit            
000108d9  __TI_auto_init                      
00000830  __TI_cleanup_ptr                    
00000834  __TI_dtors_ptr                      
00000838  __TI_enable_exit_profile_output     
UNDEFED   __TI_pprof_out_hndl                 
0001085d  __aeabi_memclr                      
0001085d  __aeabi_memclr4                     
0001085d  __aeabi_memclr8                     
00010739  __aeabi_memcpy                      
00010739  __aeabi_memcpy4                     
00010739  __aeabi_memcpy8                     
0001085f  __aeabi_memset                      
0001085f  __aeabi_memset4                     
0001085f  __aeabi_memset8                     
UNDEFED   __binit__                           
UNDEFED   __c_args__                          
UNDEFED   __mpu_init                          
00000000  __stack                             
00010b21  _args_main                          
00010af1  _c_int00                            
00000854  _lock                               
00002f27  _nop                                
00010b39  _register_lock                      
00010b45  _register_unlock                    
UNDEFED   _system_post_cinit                  
00010b93  _system_pre_init                    
00000858  _unlock                             
00010b97  abort                               
00010999  copy_in                             
00000383  eTaskGetState                       
00010a31  exit                                
00000000  g_pfnRAMVectors                     
00000000  g_pfnVectors                        
0001024b  main                                
00010739  memcpy                              
00010865  memset                              
00000823  pcTaskGetName                       
0000998d  pcTimerGetName                      
000109e5  pvPortMalloc                        
000013b9  pvTaskIncrementMutexHeldCount       
00009deb  pvTimerGetTimerID                   
00000800  pxCurrentTCB                        
0000ed99  pxPortInitialiseStack               
0000d755  uDMAChannelAssign                   
0000d3fb  uDMAChannelAttributeDisable         
0000d3a7  uDMAChannelAttributeEnable          
0000d44f  uDMAChannelAttributeGet             
0000d4bf  uDMAChannelControlSet               
0000d333  uDMAChannelDisable                  
0000d31b  uDMAChannelEnable                   
0000d34b  uDMAChannelIsEnabled                
0000d6cd  uDMAChannelModeGet                  
0000d38f  uDMAChannelRequest                  
0000d5f9  uDMAChannelScatterGatherSet         
0000d7b1  uDMAChannelSelectDefault            
0000d79d  uDMAChannelSelectSecondary          
0000d685  uDMAChannelSizeGet                  
0000d501  uDMAChannelTransferSet              
0000d389  uDMAControlAlternateBaseGet         
0000d383  uDMAControlBaseGet                  
0000d373  uDMAControlBaseSet                  
0000d305  uDMADisable                         
0000d2fd  uDMAEnable                          
0000d313  uDMAErrorStatusClear                
0000d30d  uDMAErrorStatusGet                  
0000d741  uDMAIntClear                        
0000d713  uDMAIntRegister                     
0000d73b  uDMAIntStatus                       
0000d729  uDMAIntUnregister                   
00003c1d  ucQueueGetQueueType                 
000074bb  ucStreamBufferGetStreamBufferType   
00000f20  ulMaxSyscallInterruptPriority       
000104dd  ulPortGetIPSR                       
000013d5  ulTaskNotifyTake                    
0000cdd5  uxEventGroupGetNumber               
000101a9  uxListRemove                        
00003bfd  uxQueueGetQueueNumber               
00003b4d  uxQueueMessagesWaiting              
00003bb1  uxQueueMessagesWaitingFromISR       
00003b7d  uxQueueSpacesAvailable              
0000749b  uxStreamBufferGetStreamBufferNumber 
0000081d  uxTaskGetNumberOfTasks              
0000086d  uxTaskGetSystemState                
00000df7  uxTaskGetTaskNumber                 
00001391  uxTaskResetEventItemValue           
00009e47  uxTimerGetTimerNumber               
00010949  vApplicationGetIdleTaskMemory       
00010969  vApplicationGetTimerTaskMemory      
0000cd8f  vEventGroupClearBitsCallback        
0000cd2f  vEventGroupDelete                   
0000cd7f  vEventGroupSetBitsCallback          
0000cdf5  vEventGroupSetNumber                
000100c7  vListInitialise                     
000100f7  vListInitialiseItem                 
00010143  vListInsert                         
00010107  vListInsertEnd                      
00010599  vPortEnableVFP                      
0000eedd  vPortEndScheduler                   
0000ef01  vPortEnterCritical                  
0000ef43  vPortExitCritical                   
00010a11  vPortFree                           
00010a1b  vPortInitialiseBlocks               
00010555  vPortSVCHandler                     
0000ef95  vPortSetupTimerInterrupt            
00010575  vPortStartFirstTask                 
0000efb1  vPortValidateInterruptPriority      
00003bdb  vQueueDelete                        
00003c0b  vQueueSetQueueNumber                
00003ead  vQueueWaitForMessageRestricted      
00006a4f  vStreamBufferDelete                 
000074a9  vStreamBufferSetStreamBufferNumber  
00000331  vTaskDelay                          
00000257  vTaskDelayUntil                     
000006c9  vTaskEndScheduler                   
00000eb1  vTaskGetInfo                        
00000d2f  vTaskInternalSetTimeOutState        
00000def  vTaskMissedYield                    
00001791  vTaskNotifyGiveFromISR              
00000ae3  vTaskPlaceOnEventList               
00000b81  vTaskPlaceOnEventListRestricted     
00000b1d  vTaskPlaceOnUnorderedEventList      
00001285  vTaskPriorityDisinheritAfterTimeout 
00000c65  vTaskRemoveFromUnorderedEventList   
00000585  vTaskResume                         
00000e17  vTaskSetTaskNumber                  
00000cfd  vTaskSetTimeOutState                
00000621  vTaskStartScheduler                 
00000439  vTaskSuspend                        
000006e5  vTaskSuspendAll                     
00000a5d  vTaskSwitchContext                  
00009e19  vTimerSetTimerID                    
00009e55  vTimerSetTimerNumber                
0000cba3  xEventGroupClearBits                
0000c8bd  xEventGroupCreateStatic             
0000cc01  xEventGroupGetBitsFromISR           
0000cc35  xEventGroupSetBits                  
0000c90f  xEventGroupSync                     
0000ca41  xEventGroupWaitBits                 
00010a23  xPortGetFreeHeapSize                
000104f5  xPortPendSVHandler                  
0000ee25  xPortStartScheduler                 
0000ef6f  xPortSysTickHandler                 
00003117  xQueueCreateMutexStatic             
00002fdd  xQueueGenericCreateStatic           
00002f29  xQueueGenericReset                  
00003151  xQueueGenericSend                   
00003305  xQueueGenericSendFromISR            
0000340d  xQueueGiveFromISR                   
00003e19  xQueueIsQueueEmptyFromISR           
00003e73  xQueueIsQueueFullFromISR            
00003849  xQueuePeek                          
00003aa1  xQueuePeekFromISR                   
000034fd  xQueueReceive                       
000039c9  xQueueReceiveFromISR                
00003677  xQueueSemaphoreTake                 
00006b9f  xStreamBufferBytesAvailable         
0000696d  xStreamBufferGenericCreateStatic    
000070c5  xStreamBufferIsEmpty                
00007103  xStreamBufferIsFull                 
00006f35  xStreamBufferNextMessageLengthBytes 
00006e29  xStreamBufferReceive                
000071bb  xStreamBufferReceiveCompletedFromISR
00006fb3  xStreamBufferReceiveFromISR         
00006a9d  xStreamBufferReset                  
00006bc7  xStreamBufferSend                   
00007151  xStreamBufferSendCompletedFromISR   
00006d03  xStreamBufferSendFromISR            
00006b03  xStreamBufferSetTriggerLevel        
00006b4b  xStreamBufferSpacesAvailable        
00000d49  xTaskCheckForTimeOut                
00000001  xTaskCreateStatic                   
000014ef  xTaskGenericNotify                  
00001631  xTaskGenericNotifyFromISR           
00001079  xTaskGetCurrentTaskHandle           
00001089  xTaskGetSchedulerState              
000007f9  xTaskGetTickCount                   
00000809  xTaskGetTickCountFromISR            
00000939  xTaskIncrementTick                  
00001879  xTaskNotifyStateClear               
0000144d  xTaskNotifyWait                     
000011a5  xTaskPriorityDisinherit             
000010c9  xTaskPriorityInherit                
00000bc9  xTaskRemoveFromEventList            
000006f9  xTaskResumeAll                      
000097db  xTimerCreateStatic                  
00009775  xTimerCreateTimerTask               
0000989b  xTimerGenericCommand                
00009963  xTimerGetExpiryTime                 
0000993d  xTimerGetPeriod                     
0000991b  xTimerGetTimerDaemonTaskHandle      
00009da9  xTimerIsTimerActive                 


GLOBAL SYMBOLS: SORTED BY Symbol Address 

address   name                                
-------   ----                                
00000000  __stack                             
00000000  g_pfnRAMVectors                     
00000000  g_pfnVectors                        
00000001  xTaskCreateStatic                   
00000257  vTaskDelayUntil                     
00000331  vTaskDelay                          
00000383  eTaskGetState                       
00000439  vTaskSuspend                        
00000585  vTaskResume                         
00000621  vTaskStartScheduler                 
000006c9  vTaskEndScheduler                   
000006e5  vTaskSuspendAll                     
000006f9  xTaskResumeAll                      
000007a8  SOUND_Task_Handle                   
000007ac  Startup_Task_Handle                 
000007f9  xTaskGetTickCount                   
00000800  pxCurrentTCB                        
00000809  xTaskGetTickCountFromISR            
0000081d  uxTaskGetNumberOfTasks              
00000823  pcTaskGetName                       
00000830  __TI_cleanup_ptr                    
00000834  __TI_dtors_ptr                      
00000838  __TI_enable_exit_profile_output     
00000854  _lock                               
00000858  _unlock                             
0000086d  uxTaskGetSystemState                
00000939  xTaskIncrementTick                  
00000a5d  vTaskSwitchContext                  
00000ae3  vTaskPlaceOnEventList               
00000b1d  vTaskPlaceOnUnorderedEventList      
00000b81  vTaskPlaceOnEventListRestricted     
00000bc9  xTaskRemoveFromEventList            
00000c65  vTaskRemoveFromUnorderedEventList   
00000cfd  vTaskSetTimeOutState                
00000d2f  vTaskInternalSetTimeOutState        
00000d49  xTaskCheckForTimeOut                
00000def  vTaskMissedYield                    
00000df7  uxTaskGetTaskNumber                 
00000e17  vTaskSetTaskNumber                  
00000eb1  vTaskGetInfo                        
00000f20  ulMaxSyscallInterruptPriority       
00001079  xTaskGetCurrentTaskHandle           
00001089  xTaskGetSchedulerState              
000010c9  xTaskPriorityInherit                
000011a5  xTaskPriorityDisinherit             
00001285  vTaskPriorityDisinheritAfterTimeout 
00001391  uxTaskResetEventItemValue           
000013b9  pvTaskIncrementMutexHeldCount       
000013d5  ulTaskNotifyTake                    
0000144d  xTaskNotifyWait                     
000014ef  xTaskGenericNotify                  
00001631  xTaskGenericNotifyFromISR           
00001791  vTaskNotifyGiveFromISR              
00001879  xTaskNotifyStateClear               
000019f5  USBHostSuspend                      
00001a0b  USBHostReset                        
00001a39  USBHighSpeed                        
00001a67  USBHostResume                       
00001a95  USBHostSpeedGet                     
00001acb  USBDevSpeedGet                      
00001ae3  USBIntDisableControl                
00001b21  USBIntEnableControl                 
00001b5b  USBIntStatusControl                 
00001ba7  USBIntDisableEndpoint               
00001bd5  USBIntEnableEndpoint                
00001c03  USBIntStatusEndpoint                
00001c59  USBIntRegister                      
00001c77  USBIntUnregister                    
00001c91  USBEndpointStatus                   
00001cbd  USBHostEndpointStatusClear          
00001d05  USBDevEndpointStatusClear           
00001d89  USBHostEndpointDataToggle           
00001e25  USBEndpointDataToggleClear          
00001e5f  USBHostEndpointPing                 
00001e8b  USBDevEndpointStall                 
00001eed  USBDevEndpointStallClear            
00001f61  USBDevConnect                       
00001f77  USBDevDisconnect                    
00001f8d  USBDevAddrSet                       
00001fa1  USBDevAddrGet                       
00001fb5  USBHostEndpointConfig               
0000214f  USBHostEndpointSpeed                
000021e5  USBDevEndpointConfigSet             
000022d7  USBDevEndpointConfigGet             
000023c7  USBFIFOConfigSet                    
0000242d  USBFIFOConfigGet                    
00002493  USBEndpointDMAConfigSet             
0000252b  USBEndpointDMAEnable                
00002565  USBEndpointDMADisable               
0000259f  USBEndpointDataAvail                
000025d7  USBEndpointDataGet                  
00002661  USBDevEndpointDataAck               
0000269f  USBHostEndpointDataAck              
000026d1  USBEndpointDataPut                  
00002735  USBEndpointDataSend                 
0000278d  USBFIFOFlush                        
000027fd  USBHostRequestIN                    
00002825  USBHostRequestINClear               
00002853  USBHostRequestStatus                
00002865  USBHostAddrSet                      
0000289d  USBHostAddrGet                      
000028cb  USBHostHubAddrSet                   
0000292f  USBHostHubAddrGet                   
0000295d  USBHostPwrConfig                    
00002987  USBHostPwrFaultEnable               
0000299f  USBHostPwrFaultDisable              
000029b7  USBHostPwrEnable                    
000029cf  USBHostPwrDisable                   
000029e7  USBFrameNumberGet                   
000029f5  USBOTGSessionRequest                
00002a23  USBFIFOAddrGet                      
00002a39  USBModeGet                          
00002a4d  USBEndpointDMAChannel               
00002a89  USBHostMode                         
00002a9b  USBDevMode                          
00002aad  USBOTGMode                          
00002abf  USBModeConfig                       
00002ad3  USBPHYPowerOff                      
00002ae9  USBPHYPowerOn                       
00002aff  USBEndpointPacketCountSet           
00002b1f  USBNumEndpointsGet                  
00002b33  USBControllerVersion                
00002b47  USBClockEnable                      
00002b63  USBClockDisable                     
00002b75  USBDMAChannelIntEnable              
00002b95  USBDMAChannelIntDisable             
00002bb5  USBDMAChannelIntStatus              
00002bc5  USBDMAChannelEnable                 
00002be5  USBDMAChannelDisable                
00002c05  USBDMAChannelConfigSet              
00002c35  USBDMAChannelStatus                 
00002c55  USBDMAChannelStatusClear            
00002c7f  USBDMAChannelAddressSet             
00002c9b  USBDMAChannelAddressGet             
00002cb3  USBDMAChannelCountSet               
00002ccf  USBDMAChannelCountGet               
00002ce7  USBDMANumChannels                   
00002cf9  USBULPIConfig                       
00002d0f  USBULPIEnable                       
00002d27  USBULPIDisable                      
00002d3f  USBULPIRegRead                      
00002d77  USBULPIRegWrite                     
00002db7  USBHostLPMSend                      
00002dff  USBHostLPMConfig                    
00002e23  USBHostLPMResume                    
00002e3b  USBDevLPMRemoteWake                 
00002e53  USBDevLPMConfig                     
00002e69  USBDevLPMEnable                     
00002e81  USBDevLPMDisable                    
00002e99  USBLPMLinkStateGet                  
00002ead  USBLPMEndpointGet                   
00002ec9  USBLPMRemoteWakeEnabled             
00002ee3  USBLPMIntStatus                     
00002ef3  USBLPMIntEnable                     
00002f0d  USBLPMIntDisable                    
00002f27  _nop                                
00002f29  xQueueGenericReset                  
00002fdd  xQueueGenericCreateStatic           
00003117  xQueueCreateMutexStatic             
00003151  xQueueGenericSend                   
00003305  xQueueGenericSendFromISR            
0000340d  xQueueGiveFromISR                   
000034fd  xQueueReceive                       
00003677  xQueueSemaphoreTake                 
00003849  xQueuePeek                          
000039c9  xQueueReceiveFromISR                
00003aa1  xQueuePeekFromISR                   
00003b4d  uxQueueMessagesWaiting              
00003b7d  uxQueueSpacesAvailable              
00003bb1  uxQueueMessagesWaitingFromISR       
00003bdb  vQueueDelete                        
00003bfd  uxQueueGetQueueNumber               
00003c0b  vQueueSetQueueNumber                
00003c1d  ucQueueGetQueueType                 
00003e19  xQueueIsQueueEmptyFromISR           
00003e73  xQueueIsQueueFullFromISR            
00003ead  vQueueWaitForMessageRestricted      
[...]
0000ba31  LCDRasterTimingSet                  
0000bb1b  LCDRasterACBiasIntCountSet          
0000bb4d  LCDRasterEnable                     
0000bb67  LCDRasterEnabled                    
0000bb85  LCDRasterDisable                    
0000bb9b  LCDRasterSubPanelConfigSet          
0000bbe5  LCDRasterSubPanelEnable             
0000bbfb  LCDRasterSubPanelDisable            
0000bc11  LCDDMAConfigSet                     
0000bc23  LCDRasterPaletteSet                 
0000bcd9  LCDRasterFrameBufferSet             
0000bd17  LCDIntEnable                        
0000bd29  LCDIntDisable                       
0000bd3b  LCDIntStatus                        
0000bd59  LCDIntClear                         
0000bd6b  LCDIntRegister                      
0000bd81  LCDIntUnregister                    
0000bd95  EPIModeSet                          
0000bda7  EPIDividerSet                       
0000bdb9  EPIDividerCSSet                     
0000be27  EPIDMATxCount                       
0000be3f  EPIConfigSDRAMSet                   
0000be65  EPIConfigHB8Set                     
0000bea7  EPIConfigHB16Set                    
0000bee9  EPIConfigHB8CSSet                   
0000bf2d  EPIConfigHB16CSSet                  
0000bf71  EPIConfigHB8TimingSet               
0000bf8d  EPIConfigHB16TimingSet              
0000bfa9  EPIPSRAMConfigRegSet                
0000bfef  EPIPSRAMConfigRegRead               
0000c027  EPIPSRAMConfigRegGetNonBlocking     
0000c071  EPIPSRAMConfigRegGet                
0000c0af  EPIConfigGPModeSet                  
0000c0d7  EPIAddressMapSet                    
0000c0e9  EPINonBlockingReadConfigure         
0000c113  EPINonBlockingReadStart             
0000c131  EPINonBlockingReadStop              
0000c14d  EPINonBlockingReadCount             
0000c167  EPINonBlockingReadAvail             
0000c179  EPINonBlockingReadGet32             
0000c1b3  EPINonBlockingReadGet16             
0000c1f1  EPINonBlockingReadGet8              
0000c22b  EPIFIFOConfig                       
0000c23f  EPIWriteFIFOCountGet                
0000c24f  EPIIntEnable                        
0000c269  EPIIntDisable                       
0000c283  EPIIntStatus                        
0000c2a5  EPIIntErrorStatus                   
0000c2b5  EPIIntErrorClear                    
0000c2eb  EPIIntRegister                      
0000c309  EPIIntUnregister                    
0000c331  AESReset                            
0000c351  AESConfigSet                        
0000c373  AESKey1Set                          
0000c3cd  AESKey2Set                          
0000c427  AESKey3Set                          
0000c453  AESIVSet                            
0000c47f  AESIVRead                           
0000c4b3  AESTagRead                          
0000c4e7  AESLengthSet                        
0000c501  AESAuthLengthSet                    
0000c513  AESDataReadNonBlocking              
0000c54d  AESDataRead                         
0000c581  AESDataWriteNonBlocking             
0000c5bb  AESDataWrite                        
0000c5ef  AESDataProcess                      
0000c647  AESDataAuth                         
0000c697  AESDataProcessAuth                  
0000c729  AESIntStatus                        
0000c7a5  AESIntEnable                        
0000c7e5  AESIntDisable                       
0000c825  AESIntClear                         
0000c84f  AESIntRegister                      
0000c865  AESIntUnregister                    
0000c877  AESDMAEnable                        
0000c88f  AESDMADisable                       
0000c8bd  xEventGroupCreateStatic             
0000c90f  xEventGroupSync                     
0000ca41  xEventGroupWaitBits                 
0000cba3  xEventGroupClearBits                
0000cc01  xEventGroupGetBitsFromISR           
0000cc35  xEventGroupSetBits                  
0000cd2f  vEventGroupDelete                   
0000cd7f  vEventGroupSetBitsCallback          
0000cd8f  vEventGroupClearBitsCallback        
0000cdd5  uxEventGroupGetNumber               
0000cdf5  vEventGroupSetNumber                
0000ce09  SHAMD5Reset                         
0000ce3b  SHAMD5DMAEnable                     
0000ce53  SHAMD5DMADisable                    
0000ce6b  SHAMD5IntStatus                     
0000cee7  SHAMD5IntEnable                     
0000cf37  SHAMD5IntDisable                    
0000cf8f  SHAMD5IntClear                      
0000cfb9  SHAMD5IntRegister                   
0000cfcf  SHAMD5IntUnregister                 
0000cfe1  SHAMD5HashLengthSet                 
0000cff3  SHAMD5ConfigSet                     
0000d005  SHAMD5DataWriteNonBlocking          
0000d049  SHAMD5DataWrite                     
0000d087  SHAMD5ResultRead                    
0000d17d  SHAMD5DataProcess                   
0000d1bd  SHAMD5HMACProcess                   
0000d201  SHAMD5HMACPPKeyGenerate             
0000d27d  SHAMD5HMACKeySet                    
0000d2b9  SHAMD5HMACPPKeySet                  
0000d2fd  uDMAEnable                          
0000d305  uDMADisable                         
0000d30d  uDMAErrorStatusGet                  
0000d313  uDMAErrorStatusClear                
0000d31b  uDMAChannelEnable                   
0000d333  uDMAChannelDisable                  
0000d34b  uDMAChannelIsEnabled                
0000d373  uDMAControlBaseSet                  
0000d383  uDMAControlBaseGet                  
0000d389  uDMAControlAlternateBaseGet         
0000d38f  uDMAChannelRequest                  
0000d3a7  uDMAChannelAttributeEnable          
0000d3fb  uDMAChannelAttributeDisable         
0000d44f  uDMAChannelAttributeGet             
0000d4bf  uDMAChannelControlSet               
0000d501  uDMAChannelTransferSet              
0000d5f9  uDMAChannelScatterGatherSet         
0000d685  uDMAChannelSizeGet                  
0000d6cd  uDMAChannelModeGet                  
0000d713  uDMAIntRegister                     
0000d729  uDMAIntUnregister                   
0000d73b  uDMAIntStatus                       
0000d741  uDMAIntClear                        
0000d755  uDMAChannelAssign                   
0000d79d  uDMAChannelSelectSecondary          
0000d7b1  uDMAChannelSelectDefault            
0000d851  EEPROMInit                          
0000d895  EEPROMSizeGet                       
0000d8a1  EEPROMBlockCountGet                 
0000d8af  EEPROMRead                          
0000d905  EEPROMProgram                       
0000d9e1  EEPROMProgramNonBlocking            
0000da23  EEPROMMassErase                     
0000da61  EEPROMBlockProtectGet               
0000da75  EEPROMBlockProtectSet               
0000daa1  EEPROMBlockPasswordSet              
0000dae9  EEPROMBlockLock                     
0000db11  EEPROMBlockUnlock                   
0000db5d  EEPROMBlockHide                     
0000db79  EEPROMIntEnable                     
0000db9d  EEPROMIntDisable                    
0000dbbb  EEPROMIntStatus                     
0000dbeb  EEPROMIntClear                      
0000dc13  EEPROMStatusGet                     
0000dc4d  FlashErase                          
0000dc87  FlashProgram                        
0000dd09  FlashProtectGet                     
0000dd7d  FlashProtectSet                     
0000de3d  FlashProtectSave                    
0000de71  FlashUserGet                        
0000de8f  FlashUserSet                        
0000dea9  FlashAllUserRegisterGet             
0000dedb  FlashAllUserRegisterSet             
0000df15  FlashUserSave                       
0000df4d  FlashAllUserRegisterSave            
0000df85  FlashIntRegister                    
0000df9d  FlashIntUnregister                  
0000dfb5  FlashIntEnable                      
0000dfc9  FlashIntDisable                     
0000dfdd  FlashIntStatus                      
0000e001  FlashIntClear                       
0000e03f  IntMasterEnable                     
0000e04f  IntMasterDisable                    
0000e05f  IntRegister                         
0000e0b1  IntUnregister                       
0000e0c5  IntPriorityGroupingSet              
0000e0df  IntPriorityGroupingGet              
0000e117  IntPrioritySet                      
0000e167  IntPriorityGet                      
0000e18b  IntEnable                           
0000e1fd  IntDisable                          
0000e26f  IntIsEnabled                        
0000e2f5  IntPendSet                          
0000e365  IntPendClear                        
0000e3b3  IntPriorityMaskSet                  
0000e3bf  IntPriorityMaskGet                  
0000e3c7  IntTrigger                          
0000e45b  SSIConfigSetExpClk                  
0000e4d5  SSIEnable                           
0000e4eb  SSIDisable                          
0000e501  SSIIntRegister                      
0000e51f  SSIIntUnregister                    
0000e539  SSIIntEnable                        
0000e551  SSIIntDisable                       
0000e569  SSIIntStatus                        
0000e587  SSIIntClear                         
0000e599  SSIDataPut                          
0000e5b3  SSIDataPutNonBlocking               
0000e5d3  SSIDataGet                          
0000e5ef  SSIDataGetNonBlocking               
0000e611  SSIDMAEnable                        
0000e629  SSIDMADisable                       
0000e641  SSIBusy                             
0000e65f  SSIClockSourceSet                   
0000e673  SSIClockSourceGet                   
0000e683  SSIAdvModeSet                       
0000e6b5  SSIAdvDataPutFrameEnd               
0000e6db  SSIAdvDataPutFrameEndNonBlocking    
0000e707  SSIAdvFrameHoldEnable               
0000e71d  SSIAdvFrameHoldDisable              
0000e733  SSILoopbackEnable                   
0000e749  SSILoopbackDisable                  
0000e761  UWAVE_Init                          
0000e7ab  UWAVE_SetPressedButton              
0000e8a9  UWAVE_Task                          
0000eab9  DESReset                            
0000ead7  DESConfigSet                        
0000eaf7  DESKeySet                           
0000eb3b  DESIVSet                            
0000eb65  DESLengthSet                        
0000eb77  DESDataReadNonBlocking              
0000eba1  DESDataRead                         
0000ebc5  DESDataWriteNonBlocking             
0000ebef  DESDataWrite                        
0000ec13  DESDataProcess                      
0000ec6f  DESIntStatus                        
0000ecad  DESIntEnable                        
0000ecdd  DESIntDisable                       
0000ed0d  DESIntClear                         
0000ed27  DESIntRegister                      
0000ed3d  DESIntUnregister                    
0000ed4f  DESDMAEnable                        
0000ed67  DESDMADisable                       
0000ed99  pxPortInitialiseStack               
0000ee25  xPortStartScheduler                 
0000eedd  vPortEndScheduler                   
0000ef01  vPortEnterCritical                  
0000ef43  vPortExitCritical                   
0000ef6f  xPortSysTickHandler                 
0000ef95  vPortSetupTimerInterrupt            
0000efb1  vPortValidateInterruptPriority      
0000f049  SSD_Init                            
0000f103  SSD_Start                           
0000f173  SSD_SetSymbol                       
0000f197  SSD_SetBlinkable                    
0000f1c3  SSD_ISR                             
0000f2a1  Button_Init                         
0000f2d3  Button_SetCurrSamplingState         
0000f2ef  Button_GetCurrSamplingState         
0000f30b  Button_SetPrevSamplingState         
0000f327  Button_GetPrevSamplingState         
0000f343  Button_Task                         
0000f4e9  QEIEnable                           
0000f4fd  QEIDisable                          
0000f511  QEIConfigure                        
0000f535  QEIPositionGet                      
0000f543  QEIPositionSet                      
0000f555  QEIDirectionGet                     
0000f56f  QEIErrorGet                         
0000f58d  QEIFilterEnable                     
0000f5a1  QEIFilterDisable                    
0000f5b5  QEIFilterConfigure                  
0000f5d1  QEIVelocityEnable                   
0000f5e5  QEIVelocityDisable                  
0000f5f9  QEIVelocityConfigure                
0000f61f  QEIVelocityGet                      
0000f681  QEIIntRegister                      
0000f69f  QEIIntUnregister                    
0000f6b9  QEIIntEnable                        
0000f6d1  QEIIntDisable                       
0000f6e9  QEIIntStatus                        
0000f707  QEIIntClear                         
0000f72d  OneWireInit                         
0000f73f  OneWireBusReset                     
0000f753  OneWireBusStatus                    
0000f765  OneWireDataGet                      
0000f781  OneWireDataGetNonBlocking           
0000f7a3  OneWireIntClear                     
0000f7b7  OneWireIntDisable                   
0000f7d1  OneWireIntEnable                    
0000f7eb  OneWireIntStatus                    
0000f82f  OneWireIntRegister                  
0000f84d  OneWireIntUnregister                
0000f867  OneWireDMADisable                   
0000f891  OneWireDMAEnable                    
0000f8e1  OneWireTransaction                  
0000f95d  Sound_Init                          
0000f991  Sound_Set                           
0000f9f5  Sound_Task                          
0000fb21  WatchdogRunning                     
0000fb37  WatchdogEnable                      
0000fb4d  WatchdogResetEnable                 
0000fb63  WatchdogResetDisable                
0000fb79  WatchdogLock                        
0000fb8b  WatchdogUnlock                      
0000fb9d  WatchdogLockState                   
0000fbbf  WatchdogReloadSet                   
0000fbd1  WatchdogReloadGet                   
0000fbdf  WatchdogValueGet                    
0000fbed  WatchdogIntRegister                 
0000fc03  WatchdogIntUnregister               
0000fc15  WatchdogIntEnable                   
0000fc2b  WatchdogIntStatus                   
0000fc49  WatchdogIntClear                    
0000fc59  WatchdogIntTypeSet                  
0000fc75  WatchdogStallEnable                 
0000fc8d  WatchdogStallDisable                
0000fca9  Debug_Init                          
0000fccb  Debug_PrintString                   
0000fd81  Debug_PrintNumber                   
0000fe25  Heater_Init                         
0000fecd  Heater_Start                        
0000feef  Heater_SetState                     
0000ff03  Heater_ISR                          
0000ff8d  ComparatorConfigure                 
0000ffa7  ComparatorRefSet                    
0000ffb9  ComparatorValueGet                  
0000ffd9  ComparatorIntRegister               
00010005  ComparatorIntUnregister             
0001002d  ComparatorIntEnable                 
00010049  ComparatorIntDisable                
00010065  ComparatorIntStatus                 
000100b1  ComparatorIntClear                  
000100c7  vListInitialise                     
000100f7  vListInitialiseItem                 
00010107  vListInsertEnd                      
00010143  vListInsert                         
000101a9  uxListRemove                        
000101f1  Startup_Task                        
0001024b  main                                
00010305  MPUEnable                           
00010319  MPUDisable                          
00010325  MPURegionCountGet                   
00010331  MPURegionEnable                     
0001034b  MPURegionDisable                    
00010365  MPURegionSet                        
0001038f  MPURegionGet                        
000103b7  MPUIntRegister                      
000103cb  MPUIntUnregister                    
00010427  SysExcIntRegister                   
00010441  SysExcIntUnregister                 
00010457  SysExcIntEnable                     
0001046b  SysExcIntDisable                    
0001047f  SysExcIntStatus                     
0001049b  SysExcIntClear                      
000104dd  ulPortGetIPSR                       
000104f5  xPortPendSVHandler                  
00010555  vPortSVCHandler                     
00010575  vPortStartFirstTask                 
00010599  vPortEnableVFP                      
000105a7  CRCConfigSet                        
000105bb  CRCSeedSet                          
000105cf  CRCDataWrite                        
000105e3  CRCResultRead                       
00010605  CRCDataProcess                      
00010679  FPUEnable                           
0001068b  FPUDisable                          
00010699  FPUStackingEnable                   
000106ab  FPULazyStackingEnable               
000106b7  FPUStackingDisable                  
000106c3  FPUHalfPrecisionModeSet             
000106dd  FPUNaNModeSet                       
000106f7  FPUFlushToZeroModeSet               
00010711  FPURoundingModeSet                  
00010739  __aeabi_memcpy                      
00010739  __aeabi_memcpy4                     
00010739  __aeabi_memcpy8                     
00010739  memcpy                              
000107d5  SysTickEnable                       
000107e1  SysTickDisable                      
000107ed  SysTickIntRegister                  
00010805  SysTickIntUnregister                
00010819  SysTickIntEnable                    
00010825  SysTickIntDisable                   
00010831  SysTickPeriodSet                    
00010843  SysTickPeriodGet                    
0001084b  SysTickValueGet                     
0001085d  __aeabi_memclr                      
0001085d  __aeabi_memclr4                     
0001085d  __aeabi_memclr8                     
0001085f  __aeabi_memset                      
0001085f  __aeabi_memset4                     
0001085f  __aeabi_memset8                     
00010865  memset                              
000108d9  __TI_auto_init                      
00010949  vApplicationGetIdleTaskMemory       
00010969  vApplicationGetTimerTaskMemory      
00010999  copy_in                             
000109e5  pvPortMalloc                        
00010a11  vPortFree                           
00010a1b  vPortInitialiseBlocks               
00010a23  xPortGetFreeHeapSize                
00010a31  exit                                
00010a79  CPUcpsid                            
00010a85  CPUprimask                          
00010a8f  CPUcpsie                            
00010a9b  CPUwfi                              
00010a9f  CPUbasepriSet                       
00010aad  CPUbasepriGet                       
00010ab7  Buzzer_Init                         
00010ad5  Buzzer_SetState                     
00010af1  _c_int00                            
00010b21  _args_main                          
00010b39  _register_lock                      
00010b45  _register_unlock                    
00010b51  ResetISR                            
00010b5d  EPIWorkaroundByteRead               
00010b65  EPIWorkaroundByteWrite              
00010b6d  EPIWorkaroundHWordRead              
00010b75  EPIWorkaroundHWordWrite             
00010b7d  EPIWorkaroundWordRead               
00010b85  EPIWorkaroundWordWrite              
00010b8d  SysCtlDelay                         
00010b93  _system_pre_init                    
00010b97  C$$EXIT                             
00010b97  abort                               
dffff714  __STACK_TOP                         
UNDEFED   SHT$$INIT_ARRAY$$Base               
UNDEFED   SHT$$INIT_ARRAY$$Limit              
UNDEFED   __STACK_END                         
UNDEFED   __TI_CINIT_Base                     
UNDEFED   __TI_CINIT_Limit                    
UNDEFED   __TI_Handler_Table_Base             
UNDEFED   __TI_Handler_Table_Limit            
UNDEFED   __TI_pprof_out_hndl                 
UNDEFED   __binit__                           
UNDEFED   __c_args__                          
UNDEFED   __mpu_init                          
UNDEFED   _system_post_cinit                  

[1120 symbols]
